\BOOKMARK [0][-]{chapter.1}{\376\377\000M\000e\000c\000h\000a\000n\000i\000c\000a\000l\000\040\000D\000e\000s\000i\000g\000n\000\040\000a\000n\000d\000\040\000U\000R\000D\000F\000\040\000M\000o\000d\000e\000l\000i\000n\000g\000\040\000o\000f\000\040\000t\000h\000e\000\040\000H\000a\000n\000d\000\040\000E\000x\000o\000s\000k\000e\000l\000e\000t\000o\000n}{}% 1
\BOOKMARK [1][-]{section.1.1}{\376\377\000O\000v\000e\000r\000v\000i\000e\000w\000\040\000o\000f\000\040\000t\000h\000e\000\040\000D\000e\000s\000i\000g\000n\000\040\000P\000i\000p\000e\000l\000i\000n\000e}{chapter.1}% 2
\BOOKMARK [1][-]{section.1.2}{\376\377\000C\000A\000D\000\040\000M\000o\000d\000e\000l\000i\000n\000g\000\040\000o\000f\000\040\000t\000h\000e\000\040\000E\000x\000o\000s\000k\000e\000l\000e\000t\000o\000n\000\040\000C\000o\000m\000p\000o\000n\000e\000n\000t\000s}{chapter.1}% 3
\BOOKMARK [1][-]{section.1.3}{\376\377\000U\000R\000D\000F\000\040\000F\000i\000l\000e\000\040\000f\000r\000o\000m\000\040\000t\000h\000e\000\040\000C\000A\000D\000\040\000M\000o\000d\000e\000l}{chapter.1}% 4
\BOOKMARK [0][-]{chapter.2}{\376\377\000K\000i\000n\000e\000m\000a\000t\000i\000c\000\040\000M\000o\000d\000e\000l\000i\000n\000g}{}% 5
\BOOKMARK [1][-]{section.2.1}{\376\377\000O\000v\000e\000r\000v\000i\000e\000w\000\040\000a\000n\000d\000\040\000O\000b\000j\000e\000c\000t\000i\000v\000e\000s}{chapter.2}% 6
\BOOKMARK [1][-]{section.2.2}{\376\377\000K\000i\000n\000e\000m\000a\000t\000i\000c\000\040\000C\000o\000n\000s\000t\000r\000a\000i\000n\000t\000s\000\040\000F\000o\000r\000m\000u\000l\000a\000t\000i\000o\000n}{chapter.2}% 7
\BOOKMARK [1][-]{section.2.3}{\376\377\000C\000o\000n\000s\000t\000r\000a\000i\000n\000e\000d\000\040\000F\000o\000r\000w\000a\000r\000d\000\040\000K\000i\000n\000e\000m\000a\000t\000i\000c\000s}{chapter.2}% 8
\BOOKMARK [1][-]{section.2.4}{\376\377\000N\000u\000m\000e\000r\000i\000c\000a\000l\000\040\000S\000o\000l\000u\000t\000i\000o\000n\000\040\000S\000t\000r\000a\000t\000e\000g\000y}{chapter.2}% 9
\BOOKMARK [1][-]{section.2.5}{\376\377\000D\000i\000s\000c\000u\000s\000s\000i\000o\000n\000\040\000a\000n\000d\000\040\000R\000o\000l\000e\000\040\000i\000n\000\040\000t\000h\000e\000\040\000D\000i\000g\000i\000t\000a\000l\000\040\000T\000w\000i\000n}{chapter.2}% 10
\BOOKMARK [0][-]{chapter.3}{\376\377\000D\000y\000n\000a\000m\000i\000c\000\040\000M\000o\000d\000e\000l\000i\000n\000g}{}% 11
\BOOKMARK [1][-]{section.3.1}{\376\377\000I\000n\000t\000r\000o\000d\000u\000c\000t\000i\000o\000n\000\040\000a\000n\000d\000\040\000O\000b\000j\000e\000c\000t\000i\000v\000e\000s}{chapter.3}% 12
\BOOKMARK [1][-]{section.3.2}{\376\377\000F\000u\000l\000l\000\040\000M\000u\000l\000t\000i\000b\000o\000d\000y\000\040\000M\000o\000d\000e\000l\000\040\000o\000f\000\040\000t\000h\000e\000\040\000E\000x\000o\000s\000k\000e\000l\000e\000t\000o\000n}{chapter.3}% 13
\BOOKMARK [2][-]{subsection.3.2.1}{\376\377\000U\000R\000D\000F\000-\000B\000a\000s\000e\000d\000\040\000R\000i\000g\000i\000d\000-\000B\000o\000d\000y\000\040\000R\000e\000p\000r\000e\000s\000e\000n\000t\000a\000t\000i\000o\000n}{section.3.2}% 14
\BOOKMARK [2][-]{subsection.3.2.2}{\376\377\000C\000o\000n\000s\000t\000r\000a\000i\000n\000e\000d\000\040\000M\000u\000l\000t\000i\000b\000o\000d\000y\000\040\000D\000y\000n\000a\000m\000i\000c\000\040\000F\000o\000r\000m\000u\000l\000a\000t\000i\000o\000n}{section.3.2}% 15
\BOOKMARK [1][-]{section.3.3}{\376\377\000R\000e\000d\000u\000c\000t\000i\000o\000n\000\040\000t\000o\000\040\000a\000\040\0001\000-\000D\000o\000F\000\040\000D\000y\000n\000a\000m\000i\000c\000\040\000M\000o\000d\000e\000l}{chapter.3}% 16
\BOOKMARK [2][-]{subsection.3.3.1}{\376\377\000S\000e\000l\000e\000c\000t\000i\000o\000n\000\040\000o\000f\000\040\000t\000h\000e\000\040\000I\000n\000d\000e\000p\000e\000n\000d\000e\000n\000t\000\040\000G\000e\000n\000e\000r\000a\000l\000i\000z\000e\000d\000\040\000C\000o\000o\000r\000d\000i\000n\000a\000t\000e}{section.3.3}% 17
\BOOKMARK [2][-]{subsection.3.3.2}{\376\377\000V\000e\000l\000o\000c\000i\000t\000y\000-\000L\000e\000v\000e\000l\000\040\000C\000o\000n\000s\000t\000r\000a\000i\000n\000t\000\040\000R\000e\000d\000u\000c\000t\000i\000o\000n}{section.3.3}% 18
\BOOKMARK [2][-]{subsection.3.3.3}{\376\377\000P\000r\000o\000j\000e\000c\000t\000i\000o\000n\000\040\000o\000f\000\040\000t\000h\000e\000\040\000F\000u\000l\000l\000\040\000D\000y\000n\000a\000m\000i\000c\000s}{section.3.3}% 19
\BOOKMARK [1][-]{section.3.4}{\376\377\000N\000u\000m\000e\000r\000i\000c\000a\000l\000\040\000I\000m\000p\000l\000e\000m\000e\000n\000t\000a\000t\000i\000o\000n\000\040\000o\000f\000\040\000t\000h\000e\000\040\000R\000e\000d\000u\000c\000e\000d\000\040\000D\000y\000n\000a\000m\000i\000c\000\040\000M\000o\000d\000e\000l}{chapter.3}% 20
\BOOKMARK [2][-]{subsection.3.4.1}{\376\377\000S\000t\000e\000p\000-\000b\000y\000-\000S\000t\000e\000p\000\040\000E\000x\000e\000c\000u\000t\000i\000o\000n\000\040\000P\000i\000p\000e\000l\000i\000n\000e}{section.3.4}% 21
\BOOKMARK [2][-]{subsection.3.4.2}{\376\377\000C\000o\000m\000p\000u\000t\000a\000t\000i\000o\000n\000\040\000o\000f\000\040\000t\000h\000e\000\040\000A\000d\000m\000i\000s\000s\000i\000b\000l\000e\000\040\000M\000o\000t\000i\000o\000n\000\040\000D\000i\000r\000e\000c\000t\000i\000o\000n}{section.3.4}% 22
\BOOKMARK [2][-]{subsection.3.4.3}{\376\377\000E\000v\000a\000l\000u\000a\000t\000e\000\040\000t\000h\000e\000\040\000F\000u\000l\000l\000\040\000D\000y\000n\000a\000m\000i\000c\000s}{section.3.4}% 23
\BOOKMARK [2][-]{subsection.3.4.4}{\376\377\000C\000o\000m\000p\000u\000t\000e\000\040\000A\000d\000d\000i\000t\000i\000o\000n\000a\000l\000\040\000T\000o\000r\000q\000u\000e\000\040\000C\000o\000n\000t\000r\000i\000b\000u\000t\000i\000o\000n\000s}{section.3.4}% 24
\BOOKMARK [1][-]{section.3.5}{\376\377\000O\000p\000e\000n\000-\000L\000o\000o\000p\000\040\000V\000a\000l\000i\000d\000a\000t\000i\000o\000n\000\040\000o\000f\000\040\000t\000h\000e\000\040\000P\000l\000a\000n\000t\000\040\000D\000y\000n\000a\000m\000i\000c\000s}{chapter.3}% 25
\BOOKMARK [2][-]{subsection.3.5.1}{\376\377\000I\000n\000p\000u\000t\000\040\000T\000o\000r\000q\000u\000e\000\040\000P\000r\000o\000f\000i\000l\000e}{section.3.5}% 26
\BOOKMARK [2][-]{subsection.3.5.2}{\376\377\000R\000e\000d\000u\000c\000e\000d\000-\000C\000o\000o\000r\000d\000i\000n\000a\000t\000e\000\040\000K\000i\000n\000e\000m\000a\000t\000i\000c\000s}{section.3.5}% 27
\BOOKMARK [2][-]{subsection.3.5.3}{\376\377\000F\000o\000r\000c\000e\000\040\000a\000t\000\040\000t\000h\000e\000\040\000C\000E\000\040\000C\000o\000n\000t\000a\000c\000t\000\040\000P\000o\000i\000n\000t}{section.3.5}% 28
\BOOKMARK [2][-]{subsection.3.5.4}{\376\377\000K\000i\000n\000e\000m\000a\000t\000i\000c\000\040\000C\000l\000o\000s\000u\000r\000e\000\040\000S\000o\000l\000v\000e\000r\000\040\000P\000e\000r\000f\000o\000r\000m\000a\000n\000c\000e}{section.3.5}% 29
\BOOKMARK [2][-]{subsection.3.5.5}{\376\377\000T\000o\000r\000q\000u\000e\000\040\000B\000r\000e\000a\000k\000d\000o\000w\000n\000\040\000o\000n\000\040\000t\000h\000e\000\040\000R\000e\000d\000u\000c\000e\000d\000\040\000C\000o\000o\000r\000d\000i\000n\000a\000t\000e}{section.3.5}% 30
\BOOKMARK [2][-]{subsection.3.5.6}{\376\377\000S\000u\000m\000m\000a\000r\000y}{section.3.5}% 31
\BOOKMARK [0][-]{chapter.4}{\376\377\000C\000o\000n\000t\000r\000o\000l\000\040\000A\000r\000c\000h\000i\000t\000e\000c\000t\000u\000r\000e}{}% 32
\BOOKMARK [1][-]{section.4.1}{\376\377\000C\000o\000n\000t\000r\000o\000l\000\040\000O\000b\000j\000e\000c\000t\000i\000v\000e\000s}{chapter.4}% 33
\BOOKMARK [1][-]{section.4.2}{\376\377\000O\000u\000t\000e\000r\000\040\000L\000o\000o\000p\000:\000\040\000A\000d\000m\000i\000t\000t\000a\000n\000c\000e\000\040\000C\000o\000n\000t\000r\000o\000l}{chapter.4}% 34
\BOOKMARK [2][-]{subsection.4.2.1}{\376\377\000V\000i\000r\000t\000u\000a\000l\000\040\000D\000y\000n\000a\000m\000i\000c\000s\000\040\000a\000n\000d\000\040\000T\000h\000e\000i\000r\000\040\000M\000e\000c\000h\000a\000n\000i\000c\000a\000l\000\040\000I\000n\000t\000e\000r\000p\000r\000e\000t\000a\000t\000i\000o\000n}{section.4.2}% 35
\BOOKMARK [2][-]{subsection.4.2.2}{\376\377\000F\000o\000r\000c\000e\000\040\000I\000n\000p\000u\000t}{section.4.2}% 36
\BOOKMARK [2][-]{subsection.4.2.3}{\376\377\000I\000n\000t\000e\000g\000r\000a\000t\000i\000o\000n\000,\000\040\000S\000a\000t\000u\000r\000a\000t\000i\000o\000n\000\040\000a\000n\000d\000\040\000P\000r\000a\000c\000t\000i\000c\000a\000l\000\040\000C\000o\000n\000s\000i\000d\000e\000r\000a\000t\000i\000o\000n\000s}{section.4.2}% 37
\BOOKMARK [1][-]{section.4.3}{\376\377\000I\000n\000n\000e\000r\000-\000L\000o\000o\000p\000:\000\040\000T\000r\000a\000j\000e\000c\000t\000o\000r\000y\000\040\000C\000o\000n\000t\000r\000o\000l\000l\000e\000r}{chapter.4}% 38
\BOOKMARK [2][-]{subsection.4.3.1}{\376\377\000P\000D\000\040\000+\000\040\000F\000e\000e\000d\000-\000F\000o\000r\000w\000a\000r\000d\000\040\000C\000o\000n\000t\000r\000o\000l\000\040\000L\000a\000w}{section.4.3}% 39
\BOOKMARK [2][-]{subsection.4.3.2}{\376\377\000S\000t\000a\000b\000i\000l\000i\000t\000y\000\040\000a\000n\000d\000\040\000T\000r\000a\000c\000k\000i\000n\000g\000\040\000A\000n\000a\000l\000y\000s\000i\000s}{section.4.3}% 40
\BOOKMARK [1][-]{section.4.4}{\376\377\000C\000l\000o\000s\000e\000d\000-\000L\000o\000o\000p\000\040\000V\000a\000l\000i\000d\000a\000t\000i\000o\000n}{chapter.4}% 41
\BOOKMARK [2][-]{subsection.4.4.1}{\376\377\000S\000t\000e\000p\000\040\000R\000e\000s\000p\000o\000n\000s\000e}{section.4.4}% 42
\BOOKMARK [2][-]{subsection.4.4.2}{\376\377\000S\000i\000n\000u\000s\000o\000i\000d\000a\000l\000\040\000R\000e\000s\000p\000o\000n\000s\000e}{section.4.4}% 43
\BOOKMARK [2][-]{subsection.4.4.3}{\376\377\000S\000u\000m\000m\000a\000r\000y}{section.4.4}% 44
\BOOKMARK [0][-]{chapter.5}{\376\377\000F\000u\000n\000c\000t\000i\000o\000n\000a\000l\000\040\000S\000a\000f\000e\000t\000y}{}% 45
\BOOKMARK [1][-]{section.5.1}{\376\377\000I\000n\000t\000r\000o\000d\000u\000c\000t\000i\000o\000n\000\040\000a\000n\000d\000\040\000O\000b\000j\000e\000c\000t\000i\000v\000e\000s}{chapter.5}% 46
\BOOKMARK [1][-]{section.5.2}{\376\377\000S\000a\000f\000e\000t\000y\000\040\000A\000r\000c\000h\000i\000t\000e\000c\000t\000u\000r\000e\000\040\000O\000v\000e\000r\000v\000i\000e\000w}{chapter.5}% 47
\BOOKMARK [2][-]{subsection.5.2.1}{\376\377\000T\000h\000r\000e\000e\000-\000L\000a\000y\000e\000r\000\040\000S\000t\000r\000u\000c\000t\000u\000r\000e}{section.5.2}% 48
\BOOKMARK [2][-]{subsection.5.2.2}{\376\377\000P\000l\000u\000g\000i\000n\000-\000B\000a\000s\000e\000d\000\040\000D\000e\000s\000i\000g\000n}{section.5.2}% 49
\BOOKMARK [2][-]{subsection.5.2.3}{\376\377\000C\000o\000n\000f\000i\000g\000u\000r\000a\000t\000i\000o\000n\000\040\000a\000n\000d\000\040\000P\000a\000r\000a\000m\000e\000t\000e\000r\000i\000z\000a\000t\000i\000o\000n}{section.5.2}% 50
\BOOKMARK [1][-]{section.5.3}{\376\377\000S\000a\000f\000e\000t\000y\000\040\000S\000t\000a\000t\000e\000\040\000M\000a\000c\000h\000i\000n\000e}{chapter.5}% 51
\BOOKMARK [2][-]{subsection.5.3.1}{\376\377\000S\000a\000f\000e\000t\000y\000\040\000S\000t\000a\000t\000e\000s}{section.5.3}% 52
\BOOKMARK [2][-]{subsection.5.3.2}{\376\377\000T\000r\000a\000n\000s\000i\000t\000i\000o\000n\000\040\000L\000o\000g\000i\000c\000\040\000a\000n\000d\000\040\000A\000l\000l\000o\000w\000e\000d\000\040\000T\000r\000a\000n\000s\000i\000t\000i\000o\000n\000s}{section.5.3}% 53
\BOOKMARK [2][-]{subsection.5.3.3}{\376\377\000S\000t\000a\000t\000e\000\040\000T\000r\000a\000n\000s\000i\000t\000i\000o\000n\000\040\000M\000e\000c\000h\000a\000n\000i\000s\000m}{section.5.3}% 54
\BOOKMARK [2][-]{subsection.5.3.4}{\376\377\000F\000a\000u\000l\000t\000\040\000L\000a\000t\000c\000h\000i\000n\000g\000\040\000a\000n\000d\000\040\000R\000e\000s\000e\000t}{section.5.3}% 55
\BOOKMARK [2][-]{subsection.5.3.5}{\376\377\000R\000O\000S\000\040\0002\000\040\000S\000e\000r\000v\000i\000c\000e\000\040\000I\000n\000t\000e\000r\000f\000a\000c\000e}{section.5.3}% 56
\BOOKMARK [2][-]{subsection.5.3.6}{\376\377\000P\000e\000r\000i\000o\000d\000i\000c\000\040\000S\000t\000a\000t\000u\000s\000\040\000P\000u\000b\000l\000i\000s\000h\000i\000n\000g}{section.5.3}% 57
\BOOKMARK [1][-]{section.5.4}{\376\377\000F\000a\000u\000l\000t\000\040\000D\000e\000t\000e\000c\000t\000i\000o\000n\000\040\000P\000l\000u\000g\000i\000n}{chapter.5}% 58
\BOOKMARK [2][-]{subsection.5.4.1}{\376\377\000M\000u\000l\000t\000i\000-\000L\000e\000v\000e\000l\000\040\000E\000s\000c\000a\000l\000a\000t\000i\000o\000n}{section.5.4}% 59
\BOOKMARK [2][-]{subsection.5.4.2}{\376\377\000D\000e\000b\000o\000u\000n\000c\000e\000\040\000M\000e\000c\000h\000a\000n\000i\000s\000m}{section.5.4}% 60
\BOOKMARK [2][-]{subsection.5.4.3}{\376\377\000C\000o\000m\000m\000u\000n\000i\000c\000a\000t\000i\000o\000n\000\040\000W\000a\000t\000c\000h\000d\000o\000g}{section.5.4}% 61
\BOOKMARK [2][-]{subsection.5.4.4}{\376\377\000G\000r\000a\000c\000e\000\040\000P\000e\000r\000i\000o\000d}{section.5.4}% 62
\BOOKMARK [2][-]{subsection.5.4.5}{\376\377\000E\000s\000c\000a\000l\000a\000t\000i\000o\000n\000\040\000C\000o\000m\000m\000u\000n\000i\000c\000a\000t\000i\000o\000n}{section.5.4}% 63
\BOOKMARK [1][-]{section.5.5}{\376\377\000S\000a\000f\000e\000t\000y\000\040\000E\000n\000f\000o\000r\000c\000e\000m\000e\000n\000t\000\040\000N\000o\000d\000e}{chapter.5}% 64
\BOOKMARK [2][-]{subsection.5.5.1}{\376\377\000R\000o\000l\000e\000\040\000a\000n\000d\000\040\000P\000o\000s\000i\000t\000i\000o\000n\000\040\000i\000n\000\040\000t\000h\000e\000\040\000C\000o\000n\000t\000r\000o\000l\000\040\000A\000r\000c\000h\000i\000t\000e\000c\000t\000u\000r\000e}{section.5.5}% 65
\BOOKMARK [2][-]{subsection.5.5.2}{\376\377\000O\000p\000e\000r\000a\000t\000i\000n\000g\000\040\000M\000o\000d\000e\000s}{section.5.5}% 66
\BOOKMARK [2][-]{subsection.5.5.3}{\376\377\000P\000e\000r\000-\000C\000h\000a\000n\000n\000e\000l\000\040\000W\000a\000t\000c\000h\000d\000o\000g}{section.5.5}% 67
\BOOKMARK [2][-]{subsection.5.5.4}{\376\377\000B\000r\000i\000d\000g\000e\000\040\000S\000u\000p\000e\000r\000v\000i\000s\000i\000o\000n\000\040\000f\000r\000o\000m\000\040\000t\000h\000e\000\040\000S\000t\000a\000t\000e\000\040\000M\000a\000c\000h\000i\000n\000e}{section.5.5}% 68
\BOOKMARK [2][-]{subsection.5.5.5}{\376\377\000S\000t\000a\000t\000u\000s\000\040\000P\000u\000b\000l\000i\000s\000h\000i\000n\000g}{section.5.5}% 69
\BOOKMARK [1][-]{section.5.6}{\376\377\000A\000u\000t\000o\000m\000a\000t\000i\000c\000\040\000D\000o\000w\000n\000g\000r\000a\000d\000e}{chapter.5}% 70
\BOOKMARK [2][-]{subsection.5.6.1}{\376\377\000D\000e\000s\000i\000g\000n\000\040\000R\000a\000t\000i\000o\000n\000a\000l\000e}{section.5.6}% 71
\BOOKMARK [2][-]{subsection.5.6.2}{\376\377\000C\000o\000u\000n\000t\000e\000r\000-\000B\000a\000s\000e\000d\000\040\000P\000r\000o\000g\000r\000e\000s\000s\000i\000v\000e\000\040\000D\000e\000-\000E\000s\000c\000a\000l\000a\000t\000i\000o\000n}{section.5.6}% 72
\BOOKMARK [2][-]{subsection.5.6.3}{\376\377\000T\000r\000a\000n\000s\000i\000t\000i\000o\000n\000\040\000P\000a\000t\000h\000s}{section.5.6}% 73
\BOOKMARK [2][-]{subsection.5.6.4}{\376\377\000U\000s\000e\000\040\000o\000f\000\040\000P\000r\000e\000-\000C\000l\000a\000m\000p\000\040\000T\000o\000r\000q\000u\000e}{section.5.6}% 74
\BOOKMARK [2][-]{subsection.5.6.5}{\376\377\000D\000i\000a\000g\000n\000o\000s\000t\000i\000c\000\040\000L\000o\000g\000g\000i\000n\000g}{section.5.6}% 75
\BOOKMARK [1][-]{section.5.7}{\376\377\000C\000u\000s\000t\000o\000m\000\040\000S\000a\000f\000e\000t\000y\000\040\000M\000e\000s\000s\000a\000g\000e\000s}{chapter.5}% 76
\BOOKMARK [2][-]{subsection.5.7.1}{\376\377\000S\000a\000f\000e\000t\000y\000S\000t\000a\000t\000u\000s\000\040\000M\000e\000s\000s\000a\000g\000e}{section.5.7}% 77
\BOOKMARK [2][-]{subsection.5.7.2}{\376\377\000S\000e\000t\000M\000o\000d\000e\000\040\000S\000e\000r\000v\000i\000c\000e}{section.5.7}% 78
\BOOKMARK [1][-]{section.5.8}{\376\377\000F\000a\000u\000l\000t\000\040\000I\000n\000j\000e\000c\000t\000i\000o\000n\000\040\000F\000r\000a\000m\000e\000w\000o\000r\000k}{chapter.5}% 79
\BOOKMARK [2][-]{subsection.5.8.1}{\376\377\000D\000e\000s\000i\000g\000n\000\040\000C\000h\000o\000i\000c\000e\000s}{section.5.8}% 80
\BOOKMARK [2][-]{subsection.5.8.2}{\376\377\000P\000r\000o\000x\000y\000\040\000A\000r\000c\000h\000i\000t\000e\000c\000t\000u\000r\000e}{section.5.8}% 81
\BOOKMARK [2][-]{subsection.5.8.3}{\376\377\000F\000a\000u\000l\000t\000\040\000T\000y\000p\000e\000s}{section.5.8}% 82
\BOOKMARK [2][-]{subsection.5.8.4}{\376\377\000R\000u\000n\000t\000i\000m\000e\000\040\000C\000o\000n\000f\000i\000g\000u\000r\000a\000b\000i\000l\000i\000t\000y}{section.5.8}% 83
\BOOKMARK [2][-]{subsection.5.8.5}{\376\377\000S\000t\000a\000t\000u\000s\000\040\000P\000u\000b\000l\000i\000s\000h\000i\000n\000g}{section.5.8}% 84
\BOOKMARK [1][-]{section.5.9}{\376\377\000S\000u\000m\000m\000a\000r\000y}{chapter.5}% 85
\BOOKMARK [0][-]{chapter.6}{\376\377\000M\000o\000d\000e\000l\000-\000B\000a\000s\000e\000d\000\040\000F\000a\000u\000l\000t\000\040\000D\000e\000t\000e\000c\000t\000i\000o\000n\000:\000\040\000O\000b\000s\000e\000r\000v\000e\000r\000\040\000A\000p\000p\000r\000o\000a\000c\000h}{}% 86
\BOOKMARK [1][-]{section.6.1}{\376\377\000I\000n\000t\000r\000o\000d\000u\000c\000t\000i\000o\000n\000\040\000a\000n\000d\000\040\000S\000c\000o\000p\000e}{chapter.6}% 87
\BOOKMARK [1][-]{section.6.2}{\376\377\000T\000h\000e\000o\000r\000e\000t\000i\000c\000a\000l\000\040\000B\000a\000c\000k\000g\000r\000o\000u\000n\000d}{chapter.6}% 88
\BOOKMARK [2][-]{subsection.6.2.1}{\376\377\000O\000b\000s\000e\000r\000v\000e\000r\000-\000B\000a\000s\000e\000d\000\040\000R\000e\000s\000i\000d\000u\000a\000l\000\040\000G\000e\000n\000e\000r\000a\000t\000i\000o\000n}{section.6.2}% 89
\BOOKMARK [2][-]{subsection.6.2.2}{\376\377\000L\000u\000e\000n\000b\000e\000r\000g\000e\000r\000\040\000O\000b\000s\000e\000r\000v\000e\000r}{section.6.2}% 90
\BOOKMARK [2][-]{subsection.6.2.3}{\376\377\000G\000e\000n\000e\000r\000a\000l\000i\000z\000e\000d\000\040\000M\000o\000m\000e\000n\000t\000u\000m\000\040\000O\000b\000s\000e\000r\000v\000e\000r}{section.6.2}% 91
\BOOKMARK [2][-]{subsection.6.2.4}{\376\377\000R\000a\000t\000e\000-\000o\000f\000-\000C\000h\000a\000n\000g\000e\000\040\000M\000o\000n\000i\000t\000o\000r\000i\000n\000g}{section.6.2}% 92
\BOOKMARK [2][-]{subsection.6.2.5}{\376\377\000C\000o\000m\000p\000l\000e\000m\000e\000n\000t\000a\000r\000i\000t\000y\000\040\000o\000f\000\040\000t\000h\000e\000\040\000F\000o\000u\000r\000\040\000L\000a\000y\000e\000r\000s}{section.6.2}% 93
\BOOKMARK [1][-]{section.6.3}{\376\377\000I\000m\000p\000l\000e\000m\000e\000n\000t\000a\000t\000i\000o\000n}{chapter.6}% 94
\BOOKMARK [2][-]{subsection.6.3.1}{\376\377\000O\000b\000s\000e\000r\000v\000e\000r\000\040\0001\000\040\000-\000\040\000L\000u\000e\000n\000b\000e\000r\000g\000e\000r\000\040\000S\000t\000a\000t\000e\000\040\000O\000b\000s\000e\000r\000v\000e\000r}{section.6.3}% 95
\BOOKMARK [2][-]{subsection.6.3.2}{\376\377\000O\000b\000s\000e\000r\000v\000e\000r\000\040\0002\000\040\000-\000\040\000A\000d\000m\000i\000t\000t\000a\000n\000c\000e\000\040\000I\000n\000v\000e\000r\000s\000i\000o\000n}{section.6.3}% 96
\BOOKMARK [2][-]{subsection.6.3.3}{\376\377\000O\000b\000s\000e\000r\000v\000e\000r\000\040\0003\000\040\000-\000\040\000G\000e\000n\000e\000r\000a\000l\000i\000z\000e\000d\000\040\000M\000o\000m\000e\000n\000t\000u\000m\000\040\000O\000b\000s\000e\000r\000v\000e\000r}{section.6.3}% 97
\BOOKMARK [2][-]{subsection.6.3.4}{\376\377\000G\000u\000a\000r\000d\000\040\0004\000\040\000-\000\040\000R\000a\000t\000e\000-\000o\000f\000-\000C\000h\000a\000n\000g\000e\000\040\000M\000o\000n\000i\000t\000o\000r}{section.6.3}% 98
\BOOKMARK [2][-]{subsection.6.3.5}{\376\377\000R\000e\000s\000i\000d\000u\000a\000l\000\040\000F\000i\000l\000t\000e\000r\000i\000n\000g\000\040\000a\000n\000d\000\040\000D\000i\000a\000g\000n\000o\000s\000t\000i\000c\000\040\000O\000u\000t\000p\000u\000t}{section.6.3}% 99
\BOOKMARK [1][-]{section.6.4}{\376\377\000S\000e\000n\000s\000o\000r\000\040\000H\000e\000a\000l\000t\000h\000\040\000A\000s\000s\000e\000s\000s\000m\000e\000n\000t}{chapter.6}% 100
\BOOKMARK [2][-]{subsection.6.4.1}{\376\377\000F\000a\000u\000l\000t\000\040\000S\000e\000n\000s\000i\000t\000i\000v\000i\000t\000y\000\040\000M\000a\000p\000p\000i\000n\000g}{section.6.4}% 101
\BOOKMARK [2][-]{subsection.6.4.2}{\376\377\000D\000e\000t\000e\000c\000t\000i\000o\000n\000\040\000L\000a\000t\000e\000n\000c\000y\000\040\000S\000p\000e\000c\000t\000r\000u\000m}{section.6.4}% 102
\BOOKMARK [2][-]{subsection.6.4.3}{\376\377\000N\000o\000m\000i\000n\000a\000l\000\040\000R\000e\000s\000i\000d\000u\000a\000l\000\040\000B\000e\000h\000a\000v\000i\000o\000r}{section.6.4}% 103
\BOOKMARK [1][-]{section.6.5}{\376\377\000C\000u\000r\000r\000e\000n\000t\000\040\000S\000t\000a\000t\000u\000s\000\040\000a\000n\000d\000\040\000I\000n\000t\000e\000g\000r\000a\000t\000i\000o\000n\000\040\000O\000u\000t\000l\000o\000o\000k}{chapter.6}% 104
\BOOKMARK [2][-]{subsection.6.5.1}{\376\377\000C\000u\000r\000r\000e\000n\000t\000\040\000S\000t\000a\000t\000u\000s}{section.6.5}% 105
\BOOKMARK [2][-]{subsection.6.5.2}{\376\377\000W\000h\000a\000t\000\040\000I\000s\000\040\000M\000i\000s\000s\000i\000n\000g\000\040\000f\000o\000r\000\040\000I\000n\000t\000e\000g\000r\000a\000t\000i\000o\000n}{section.6.5}% 106
\BOOKMARK [2][-]{subsection.6.5.3}{\376\377\000I\000n\000t\000e\000g\000r\000a\000t\000i\000o\000n\000\040\000P\000a\000t\000h\000:\000\040\000S\000E\000N\000S\000O\000R\000\137\000D\000E\000G\000R\000A\000D\000E\000D\000\137\000M\000O\000D\000E}{section.6.5}% 107
\BOOKMARK [2][-]{subsection.6.5.4}{\376\377\000D\000i\000r\000e\000c\000t\000i\000o\000n\000s\000\040\000f\000o\000r\000\040\000I\000m\000p\000r\000o\000v\000e\000m\000e\000n\000t}{section.6.5}% 108
\BOOKMARK [1][-]{section.6.6}{\376\377\000S\000u\000m\000m\000a\000r\000y}{chapter.6}% 109
\BOOKMARK [0][-]{chapter.7}{\376\377\000H\000E\000S\000\040\000H\000a\000r\000d\000w\000a\000r\000e\000\040\000P\000r\000o\000t\000o\000t\000y\000p\000e}{}% 110
\BOOKMARK [1][-]{section.7.1}{\376\377\000S\000y\000s\000t\000e\000m\000\040\000A\000r\000c\000h\000i\000t\000e\000c\000t\000u\000r\000e\000\040\000O\000v\000e\000r\000v\000i\000e\000w}{chapter.7}% 111
\BOOKMARK [1][-]{section.7.2}{\376\377\000A\000c\000t\000u\000a\000t\000o\000r\000:\000\040\000H\000T\0001\0002\0002\0005\000\040\000B\000r\000u\000s\000h\000l\000e\000s\000s\000\040\000D\000C\000\040\000M\000o\000t\000o\000r}{chapter.7}% 112
\BOOKMARK [1][-]{section.7.3}{\376\377\000M\000o\000t\000o\000r\000\040\000D\000r\000i\000v\000e\000r\000:\000\040\000H\000T\000-\000P\000T\000Z\000\040\000w\000i\000t\000h\000\040\000A\000S\000T\000-\000C\000A\000N\0004\0008\0005\000\040\000I\000n\000t\000e\000r\000f\000a\000c\000e}{chapter.7}% 113
\BOOKMARK [2][-]{subsection.7.3.1}{\376\377\000D\000r\000i\000v\000e\000r\000\040\000S\000p\000e\000c\000i\000f\000i\000c\000a\000t\000i\000o\000n\000s}{section.7.3}% 114
\BOOKMARK [2][-]{subsection.7.3.2}{\376\377\000S\000e\000r\000i\000a\000l\000\040\000C\000o\000m\000m\000u\000n\000i\000c\000a\000t\000i\000o\000n\000\040\000P\000r\000o\000t\000o\000c\000o\000l}{section.7.3}% 115
\BOOKMARK [1][-]{section.7.4}{\376\377\000S\000e\000n\000s\000i\000n\000g\000:\000\040\000L\000o\000a\000d\000\040\000C\000e\000l\000l\000\040\000a\000n\000d\000\040\000F\000i\000n\000g\000e\000r\000\040\000E\000n\000c\000o\000d\000e\000r}{chapter.7}% 116
\BOOKMARK [2][-]{subsection.7.4.1}{\376\377\000L\000o\000a\000d\000\040\000C\000e\000l\000l\000\040\000a\000n\000d\000\040\000A\000m\000p\000l\000i\000f\000i\000e\000r}{section.7.4}% 117
\BOOKMARK [2][-]{subsection.7.4.2}{\376\377\000F\000i\000n\000g\000e\000r\000\040\000E\000n\000c\000o\000d\000e\000r}{section.7.4}% 118
\BOOKMARK [1][-]{section.7.5}{\376\377\000W\000i\000r\000i\000n\000g\000\040\000A\000r\000c\000h\000i\000t\000e\000c\000t\000u\000r\000e}{chapter.7}% 119
\BOOKMARK [1][-]{section.7.6}{\376\377\000B\000o\000a\000r\000d\000-\000L\000e\000v\000e\000l\000\040\000S\000o\000f\000t\000w\000a\000r\000e\000:\000\040\000B\000o\000a\000r\000d\000C\000l\000i\000e\000n\000t\000\040\000a\000n\000d\000\040\000G\000U\000I}{chapter.7}% 120
\BOOKMARK [1][-]{section.7.7}{\376\377\000W\000e\000b\000S\000o\000c\000k\000e\000t\000-\000B\000a\000s\000e\000d\000\040\000D\000i\000s\000t\000r\000i\000b\000u\000t\000e\000d\000\040\000C\000o\000n\000t\000r\000o\000l}{chapter.7}% 121
\BOOKMARK [1][-]{section.7.8}{\376\377\000S\000u\000m\000m\000a\000r\000y}{chapter.7}% 122
\BOOKMARK [0][-]{chapter.8}{\376\377\000C\000o\000n\000c\000l\000u\000s\000i\000o\000n\000s\000\040\000a\000n\000d\000\040\000F\000u\000t\000u\000r\000e\000\040\000W\000o\000r\000k}{}% 123
\BOOKMARK [1][-]{section.8.1}{\376\377\000C\000o\000n\000c\000l\000u\000s\000i\000o\000n\000s}{chapter.8}% 124
\BOOKMARK [1][-]{section.8.2}{\376\377\000F\000u\000t\000u\000r\000e\000\040\000W\000o\000r\000k}{chapter.8}% 125
\BOOKMARK [0][-]{appendix.A}{\376\377\000D\000i\000g\000i\000t\000a\000l\000\040\000T\000w\000i\000n\000\040\000P\000a\000r\000a\000m\000e\000t\000e\000r\000s}{}% 126
\BOOKMARK [1][-]{section.A.1}{\376\377\000D\000y\000n\000a\000m\000i\000c\000\040\000P\000l\000a\000n\000t\000\040\000P\000a\000r\000a\000m\000e\000t\000e\000r\000s}{appendix.A}% 127
\BOOKMARK [1][-]{section.A.2}{\376\377\000P\000a\000s\000s\000i\000v\000e\000\040\000F\000i\000n\000g\000e\000r\000\040\000M\000o\000d\000e\000l\000\040\000P\000a\000r\000a\000m\000e\000t\000e\000r\000s}{appendix.A}% 128
\BOOKMARK [1][-]{section.A.3}{\376\377\000A\000d\000m\000i\000t\000t\000a\000n\000c\000e\000\040\000C\000o\000n\000t\000r\000o\000l\000l\000e\000r\000\040\000P\000a\000r\000a\000m\000e\000t\000e\000r\000s}{appendix.A}% 129
\BOOKMARK [1][-]{section.A.4}{\376\377\000T\000r\000a\000j\000e\000c\000t\000o\000r\000y\000\040\000C\000o\000n\000t\000r\000o\000l\000l\000e\000r\000\040\000P\000a\000r\000a\000m\000e\000t\000e\000r\000s}{appendix.A}% 130
\BOOKMARK [1][-]{section.A.5}{\376\377\000E\000x\000o\000B\000r\000i\000d\000g\000e\000\040\000P\000a\000r\000a\000m\000e\000t\000e\000r\000s}{appendix.A}% 131
\BOOKMARK [1][-]{section.A.6}{\376\377\000S\000S\000M\000\040\000a\000n\000d\000\040\000F\000M\000\040\000P\000a\000r\000a\000m\000e\000t\000e\000r\000s}{appendix.A}% 132
\BOOKMARK [1][-]{section.A.7}{\376\377\000O\000b\000s\000e\000r\000v\000e\000r\000\040\000N\000o\000d\000e\000\040\000P\000a\000r\000a\000m\000e\000t\000e\000r\000s}{appendix.A}% 133
\BOOKMARK [1][-]{section.A.8}{\376\377\000F\000a\000u\000l\000t\000\040\000I\000n\000j\000e\000c\000t\000i\000o\000n\000\040\000F\000r\000a\000m\000e\000w\000o\000r\000k\000\040\000P\000a\000r\000a\000m\000e\000t\000e\000r\000s}{appendix.A}% 134
\BOOKMARK [0][-]{table.A.8}{\376\377\000B\000i\000b\000l\000i\000o\000g\000r\000a\000p\000h\000y}{}% 135
