This is pdfTeX, Version 3.141592653-2.6-1.40.29 (MiKTeX 26.2) (preloaded format=pdflatex 2026.3.31)  8 APR 2026 16:22
entering extended mode
 \write18 enabled.
 file:line:error style messages enabled.
 %&-line parsing enabled.
**"c:/Users/Marcello/Desktop/Tesi Latex/main.tex"
(c:/Users/Marcello/Desktop/Tesi Latex/main.tex
LaTeX2e <2025-11-01>
L3 programming layer <2026-01-19>
(C:\Users\Marcello\AppData\Local\Programs\MiKTeX\tex/latex/toptesi\toptesi.cls
Document Class: toptesi 2025-01-15 v.6.4.07 Class for typesetting university theses
(C:\Users\Marcello\AppData\Local\Programs\MiKTeX\tex/latex/fancyvrb\fancyvrb.sty
Package: fancyvrb 2025/07/28 4.6 verbatim text (tvz,hv)
 (C:\Users\Marcello\AppData\Local\Programs\MiKTeX\tex/latex/graphics\keyval.sty
Package: keyval 2022/05/29 v1.15 key=value parser (DPC)
\KV@toks@=\toks17
)
\FV@CodeLineNo=\count275
\FV@InFile=\read2
\FV@TabBox=\box53
\c@FancyVerbLine=\count276
\FV@StepNumber=\count277
\FV@OutFile=\write3
) (C:\Users\Marcello\AppData\Local\Programs\MiKTeX\tex/latex/tools\trace.sty
Package: trace 2021/04/18 v1.1f trace LaTeX code
) (C:\Users\Marcello\AppData\Local\Programs\MiKTeX\tex/latex/xkeyval\xkeyval.sty
Package: xkeyval 2022/06/16 v2.9 package option processing (HA)
 (C:\Users\Marcello\AppData\Local\Programs\MiKTeX\tex/generic/xkeyval\xkeyval.tex (C:\Users\Marcello\AppData\Local\Programs\MiKTeX\tex/generic/xkeyval\xkvutils.tex
\XKV@toks=\toks18
\XKV@tempa@toks=\toks19
)
\XKV@depth=\count278
File: xkeyval.tex 2014/12/03 v2.7a key=value parser (HA)
)) (C:\Users\Marcello\AppData\Local\Programs\MiKTeX\tex/latex/base\report.cls
Document Class: report 2025/01/22 v1.4n Standard LaTeX document class
(C:\Users\Marcello\AppData\Local\Programs\MiKTeX\tex/latex/base\size12.clo
File: size12.clo 2025/01/22 v1.4n Standard LaTeX file (size option)
)
\c@part=\count279
\c@chapter=\count280
\c@section=\count281
\c@subsection=\count282
\c@subsubsection=\count283
\c@paragraph=\count284
\c@subparagraph=\count285
\c@figure=\count286
\c@table=\count287
\abovecaptionskip=\skip49
\belowcaptionskip=\skip50
\bibindent=\dimen148
) (C:\Users\Marcello\AppData\Local\Programs\MiKTeX\tex/generic/iftex\iftex.sty
Package: iftex 2024/12/12 v1.0g TeX engine tests
) (C:\Users\Marcello\AppData\Local\Programs\MiKTeX\tex/generic/babel\babel.sty
Package: babel 2026/03/24 v26.5 The multilingual framework for LuaLaTeX, pdfLaTeX and XeLaTeX
\babel@savecnt=\count288
LaTeX Encoding Info:    Redeclaring text command \ij (encoding OT1) on input line 2078.
LaTeX Encoding Info:    Redeclaring text command \IJ (encoding OT1) on input line 2080.
LaTeX Encoding Info:    Redeclaring text command \ij (encoding T1) on input line 2082.
LaTeX Encoding Info:    Redeclaring text command \IJ (encoding T1) on input line 2083.
LaTeX Encoding Info:    Ignoring declaration for text command \ij (encoding ?) on input line 2084.
LaTeX Encoding Info:    Ignoring declaration for text command \IJ (encoding ?) on input line 2086.
LaTeX Encoding Info:    Ignoring declaration for text command \SS (encoding ?) on input line 2111.
\U@D=\dimen149
\l@unhyphenated=\language79
 (C:\Users\Marcello\AppData\Local\Programs\MiKTeX\tex/generic/babel\txtbabel.def)
\bbl@readstream=\read3
\bbl@dirlevel=\count289
Package babel Info: Configuration files are deprecated, as
(babel)             they can break document portability.
(babel)             Reported on input line 4206.

*************************************
* Local config file bblopts.cfg used
*
(C:\Users\Marcello\AppData\Local\Programs\MiKTeX\tex/latex/arabi\bblopts.cfg
File: bblopts.cfg 2005/09/08 v0.1 add Arabic and Farsi to "declared" options of babel
) (C:\Users\Marcello\AppData\Local\Programs\MiKTeX\tex/generic/babel/locale/en\babel-english.tex) (C:\Users\Marcello\AppData\Local\Programs\MiKTeX\tex/generic/babel/locale/it\babel-italian.tex)
Package babel Info: Importing font and identification data for english
(babel)             from babel-en.ini. Reported on input line 4330.
 (C:\Users\Marcello\AppData\Local\Programs\MiKTeX\tex/latex/babel-english\english.ldf
Language: english 2017/06/06 v3.3r English support from the babel system
Package babel Info: Hyphen rules for 'canadian' set to \l@english
(babel)             (\language0). Reported on input line 102.
Package babel Info: Hyphen rules for 'australian' set to \l@ukenglish
(babel)             (\language73). Reported on input line 105.
Package babel Info: Hyphen rules for 'newzealand' set to \l@ukenglish
(babel)             (\language73). Reported on input line 108.
)
Package babel Info: Importing font and identification data for italian
(babel)             from babel-it.ini. Reported on input line 4330.
 (C:\Users\Marcello\AppData\Local\Programs\MiKTeX\tex/latex/babel-italian\italian.ldf
Language: italian 2026/01/13 v.1.5.02 Italian support for the babel system
\it@lettering=\count290
\it@doublequoteactive=\count291
\it@ISOcompliance=\count292
)) (C:\Users\Marcello\AppData\Local\Programs\MiKTeX\tex/latex/etoolbox\etoolbox.sty
Package: etoolbox 2025/10/02 v2.5m e-TeX tools for LaTeX (JAW)
\etb@tempcnta=\count293
) (C:\Users\Marcello\AppData\Local\Programs\MiKTeX\tex/latex/toptesi\toptesi.sty
Package: toptesi 2025-01-15 v.6.4.07 Extension for toptesi.cls
\T@Pbinding=\skip51
 (C:\Users\Marcello\AppData\Local\Programs\MiKTeX\tex/latex/koma-script\scrextend.sty
Package: scrextend 2026/02/02 v3.49.2 KOMA-Script package (extend other classes with features of KOMA-Script classes)
 (C:\Users\Marcello\AppData\Local\Programs\MiKTeX\tex/latex/koma-script\scrkbase.sty
Package: scrkbase 2026/02/02 v3.49.2 KOMA-Script package (KOMA-Script-dependent basics and keyval usage)
 (C:\Users\Marcello\AppData\Local\Programs\MiKTeX\tex/latex/koma-script\scrbase.sty
Package: scrbase 2026/02/02 v3.49.2 KOMA-Script package (KOMA-Script-independent basics and keyval usage)
 (C:\Users\Marcello\AppData\Local\Programs\MiKTeX\tex/latex/koma-script\scrlfile.sty
Package: scrlfile 2026/02/02 v3.49.2 KOMA-Script package (file load hooks)
 (C:\Users\Marcello\AppData\Local\Programs\MiKTeX\tex/latex/koma-script\scrlfile-hook.sty
Package: scrlfile-hook 2026/02/02 v3.49.2 KOMA-Script package (using LaTeX hooks)
 (C:\Users\Marcello\AppData\Local\Programs\MiKTeX\tex/latex/koma-script\scrlogo.sty
Package: scrlogo 2026/02/02 v3.49.2 KOMA-Script package (logo)
)))
Applying: [2021/05/01] Usage of raw or classic option list on input line 254.
Already applied: [0000/00/00] Usage of raw or classic option list on input line 370.
))) (C:\Users\Marcello\AppData\Local\Programs\MiKTeX\tex/latex/tools\xspace.sty
Package: xspace 2014/10/28 v1.13 Space after command names (DPC,MH)
) (C:\Users\Marcello\AppData\Local\Programs\MiKTeX\tex/latex/l3packages/xparse\xparse.sty (C:\Users\Marcello\AppData\Local\Programs\MiKTeX\tex/latex/l3kernel\expl3.sty
Package: expl3 2026-01-19 L3 programming layer (loader) 
 (C:\Users\Marcello\AppData\Local\Programs\MiKTeX\tex/latex/l3backend\l3backend-pdftex.def
File: l3backend-pdftex.def 2025-10-09 L3 backend support: PDF output (pdfTeX)
\l__color_backend_stack_int=\count294
))
Package: xparse 2025-10-09 L3 Experimental document command parser
) (C:\Users\Marcello\AppData\Local\Programs\MiKTeX\tex/latex/graphics\graphicx.sty
Package: graphicx 2024/12/31 v1.2e Enhanced LaTeX Graphics (DPC,SPQR)
 (C:\Users\Marcello\AppData\Local\Programs\MiKTeX\tex/latex/graphics\graphics.sty
Package: graphics 2024/08/06 v1.4g Standard LaTeX Graphics (DPC,SPQR)
 (C:\Users\Marcello\AppData\Local\Programs\MiKTeX\tex/latex/graphics\trig.sty
Package: trig 2023/12/02 v1.11 sin cos tan (DPC)
) (C:\Users\Marcello\AppData\Local\Programs\MiKTeX\tex/latex/graphics-cfg\graphics.cfg
File: graphics.cfg 2016/06/04 v1.11 sample graphics configuration
)
Package graphics Info: Driver file: pdftex.def on input line 106.
 (C:\Users\Marcello\AppData\Local\Programs\MiKTeX\tex/latex/graphics-def\pdftex.def
File: pdftex.def 2025/09/29 v1.2d Graphics/color driver for pdftex
))
\Gin@req@height=\dimen150
\Gin@req@width=\dimen151
)
\interno=\skip52
\@intesta=\box54
\TOPsecnumdepth=\count295
\SDcaptionwidth=\dimen152
\SDfigurewidth=\dimen153
\SDlinewidth=\dimen154
\SDfigbox=\box55
\SDcapbox=\box56
\c@SDpage=\count296
\c@NumberSD=\count297
LaTeX Font Info:    Redeclaring math symbol \virgola on input line 730.
LaTeX Font Info:    Redeclaring math symbol \virgoladecimale on input line 731.
\c@tomo=\count298
)) (C:\Users\Marcello\AppData\Local\Programs\MiKTeX\tex/latex/base\fontenc.sty
Package: fontenc 2025/07/18 v2.1d Standard LaTeX package
) (C:\Users\Marcello\AppData\Local\Programs\MiKTeX\tex/latex/base\inputenc.sty
Package: inputenc 2024/02/08 v1.3d Input encoding file
\inpenc@prehook=\toks20
\inpenc@posthook=\toks21
) (C:\Users\Marcello\AppData\Local\Programs\MiKTeX\tex/latex/amsmath\amsmath.sty
Package: amsmath 2025/07/09 v2.17z AMS math features
\@mathmargin=\skip53

For additional information on amsmath, use the `?' option.
(C:\Users\Marcello\AppData\Local\Programs\MiKTeX\tex/latex/amsmath\amstext.sty
Package: amstext 2024/11/17 v2.01 AMS text
 (C:\Users\Marcello\AppData\Local\Programs\MiKTeX\tex/latex/amsmath\amsgen.sty
File: amsgen.sty 1999/11/30 v2.0 generic functions
\@emptytoks=\toks22
\ex@=\dimen155
)) (C:\Users\Marcello\AppData\Local\Programs\MiKTeX\tex/latex/amsmath\amsbsy.sty
Package: amsbsy 1999/11/29 v1.2d Bold Symbols
\pmbraise@=\dimen156
) (C:\Users\Marcello\AppData\Local\Programs\MiKTeX\tex/latex/amsmath\amsopn.sty
Package: amsopn 2022/04/08 v2.04 operator names
)
\inf@bad=\count299
LaTeX Info: Redefining \frac on input line 233.
\uproot@=\count300
\leftroot@=\count301
LaTeX Info: Redefining \overline on input line 398.
LaTeX Info: Redefining \colon on input line 409.
\classnum@=\count302
\DOTSCASE@=\count303
LaTeX Info: Redefining \ldots on input line 495.
LaTeX Info: Redefining \dots on input line 498.
LaTeX Info: Redefining \cdots on input line 619.
\Mathstrutbox@=\box57
\strutbox@=\box58
LaTeX Info: Redefining \big on input line 721.
LaTeX Info: Redefining \Big on input line 722.
LaTeX Info: Redefining \bigg on input line 723.
LaTeX Info: Redefining \Bigg on input line 724.
\big@size=\dimen157
LaTeX Font Info:    Redeclaring font encoding OML on input line 742.
LaTeX Font Info:    Redeclaring font encoding OMS on input line 743.
\macc@depth=\count304
LaTeX Info: Redefining \bmod on input line 904.
LaTeX Info: Redefining \pmod on input line 909.
LaTeX Info: Redefining \smash on input line 939.
LaTeX Info: Redefining \relbar on input line 969.
LaTeX Info: Redefining \Relbar on input line 970.
\c@MaxMatrixCols=\count305
\dotsspace@=\muskip17
\c@parentequation=\count306
\dspbrk@lvl=\count307
\tag@help=\toks23
\row@=\count308
\column@=\count309
\maxfields@=\count310
\andhelp@=\toks24
\eqnshift@=\dimen158
\alignsep@=\dimen159
\tagshift@=\dimen160
\tagwidth@=\dimen161
\totwidth@=\dimen162
\lineht@=\dimen163
\@envbody=\toks25
\multlinegap=\skip54
\multlinetaggap=\skip55
\mathdisplay@stack=\toks26
LaTeX Info: Redefining \[ on input line 2950.
LaTeX Info: Redefining \] on input line 2951.
) (C:\Users\Marcello\AppData\Local\Programs\MiKTeX\tex/latex/graphics\rotating.sty
Package: rotating 2025/01/14 v2.16e rotated objects in LaTeX
 (C:\Users\Marcello\AppData\Local\Programs\MiKTeX\tex/latex/base\ifthen.sty
Package: ifthen 2024/03/16 v1.1e Standard LaTeX ifthen package (DPC)
)
\c@r@tfl@t=\count311
\rotFPtop=\skip56
\rotFPbot=\skip57
\rot@float@box=\box59
\rot@mess@toks=\toks27
) (C:\Users\Marcello\AppData\Local\Programs\MiKTeX\tex/latex/tools\afterpage.sty
Package: afterpage 2023/07/04 v1.08 After-Page Package (DPC)
\AP@output=\toks28
\AP@partial=\box60
\AP@footins=\box61
) (C:\Users\Marcello\AppData\Local\Programs\MiKTeX\tex/latex/subfig\subfig.sty
Package: subfig 2005/06/28 ver: 1.3 subfig package
 (C:\Users\Marcello\AppData\Local\Programs\MiKTeX\tex/latex/caption\caption.sty
Package: caption 2023/08/05 v3.6o Customizing captions (AR)
 (C:\Users\Marcello\AppData\Local\Programs\MiKTeX\tex/latex/caption\caption3.sty
Package: caption3 2023/07/31 v2.4d caption3 kernel (AR)
\caption@tempdima=\dimen164
\captionmargin=\dimen165
\caption@leftmargin=\dimen166
\caption@rightmargin=\dimen167
\caption@width=\dimen168
\caption@indent=\dimen169
\caption@parindent=\dimen170
\caption@hangindent=\dimen171
Package caption Info: Standard document class detected.
)
\c@caption@flags=\count312
\c@continuedfloat=\count313
Package caption Info: rotating package is loaded.
Package caption Info: scrextend package is loaded.
\caption@addmargin@hsize=\dimen172
\caption@addmargin@linewidth=\dimen173
)
\c@KVtest=\count314
\sf@farskip=\skip58
\sf@captopadj=\dimen174
\sf@capskip=\skip59
\sf@nearskip=\skip60
\c@subfigure=\count315
\c@subfigure@save=\count316
\c@lofdepth=\count317
\c@subtable=\count318
\c@subtable@save=\count319
\c@lotdepth=\count320
\sf@top=\skip61
\sf@bottom=\skip62
) (C:\Users\Marcello\AppData\Local\Programs\MiKTeX\tex/latex/pgf/frontendlayer\tikz.sty (C:\Users\Marcello\AppData\Local\Programs\MiKTeX\tex/latex/pgf/basiclayer\pgf.sty (C:\Users\Marcello\AppData\Local\Programs\MiKTeX\tex/latex/pgf/utilities\pgfrcs.sty (C:\Users\Marcello\AppData\Local\Programs\MiKTeX\tex/generic/pgf/utilities\pgfutil-common.tex
\pgfutil@everybye=\toks29
\pgfutil@tempdima=\dimen175
\pgfutil@tempdimb=\dimen176
) (C:\Users\Marcello\AppData\Local\Programs\MiKTeX\tex/generic/pgf/utilities\pgfutil-latex.def
\pgfutil@abb=\box62
) (C:\Users\Marcello\AppData\Local\Programs\MiKTeX\tex/generic/pgf/utilities\pgfrcs.code.tex (C:\Users\Marcello\AppData\Local\Programs\MiKTeX\tex/generic/pgf\pgf.revision.tex)
Package: pgfrcs 2025-08-29 v3.1.11a (3.1.11a)
))
Package: pgf 2025-08-29 v3.1.11a (3.1.11a)
 (C:\Users\Marcello\AppData\Local\Programs\MiKTeX\tex/latex/pgf/basiclayer\pgfcore.sty (C:\Users\Marcello\AppData\Local\Programs\MiKTeX\tex/latex/pgf/systemlayer\pgfsys.sty (C:\Users\Marcello\AppData\Local\Programs\MiKTeX\tex/generic/pgf/systemlayer\pgfsys.code.tex
Package: pgfsys 2025-08-29 v3.1.11a (3.1.11a)
 (C:\Users\Marcello\AppData\Local\Programs\MiKTeX\tex/generic/pgf/utilities\pgfkeys.code.tex
\pgfkeys@pathtoks=\toks30
\pgfkeys@temptoks=\toks31
 (C:\Users\Marcello\AppData\Local\Programs\MiKTeX\tex/generic/pgf/utilities\pgfkeyslibraryfiltered.code.tex
\pgfkeys@tmptoks=\toks32
))
\pgf@x=\dimen177
\pgf@y=\dimen178
\pgf@xa=\dimen179
\pgf@ya=\dimen180
\pgf@xb=\dimen181
\pgf@yb=\dimen182
\pgf@xc=\dimen183
\pgf@yc=\dimen184
\pgf@xd=\dimen185
\pgf@yd=\dimen186
\w@pgf@writea=\write4
\r@pgf@reada=\read4
\c@pgf@counta=\count321
\c@pgf@countb=\count322
\c@pgf@countc=\count323
\c@pgf@countd=\count324
\t@pgf@toka=\toks33
\t@pgf@tokb=\toks34
\t@pgf@tokc=\toks35
\pgf@sys@id@count=\count325
 (C:\Users\Marcello\AppData\Local\Programs\MiKTeX\tex/generic/pgf/systemlayer\pgf.cfg
File: pgf.cfg 2025-08-29 v3.1.11a (3.1.11a)
)
Driver file for pgf: pgfsys-pdftex.def
 (C:\Users\Marcello\AppData\Local\Programs\MiKTeX\tex/generic/pgf/systemlayer\pgfsys-pdftex.def
File: pgfsys-pdftex.def 2025-08-29 v3.1.11a (3.1.11a)
 (C:\Users\Marcello\AppData\Local\Programs\MiKTeX\tex/generic/pgf/systemlayer\pgfsys-common-pdf.def
File: pgfsys-common-pdf.def 2025-08-29 v3.1.11a (3.1.11a)
))) (C:\Users\Marcello\AppData\Local\Programs\MiKTeX\tex/generic/pgf/systemlayer\pgfsyssoftpath.code.tex
File: pgfsyssoftpath.code.tex 2025-08-29 v3.1.11a (3.1.11a)
\pgfsyssoftpath@smallbuffer@items=\count326
\pgfsyssoftpath@bigbuffer@items=\count327
) (C:\Users\Marcello\AppData\Local\Programs\MiKTeX\tex/generic/pgf/systemlayer\pgfsysprotocol.code.tex
File: pgfsysprotocol.code.tex 2025-08-29 v3.1.11a (3.1.11a)
)) (C:\Users\Marcello\AppData\Local\Programs\MiKTeX\tex/latex/xcolor\xcolor.sty
Package: xcolor 2024/09/29 v3.02 LaTeX color extensions (UK)
 (C:\Users\Marcello\AppData\Local\Programs\MiKTeX\tex/latex/graphics-cfg\color.cfg
File: color.cfg 2016/01/02 v1.6 sample color configuration
)
Package xcolor Info: Driver file: pdftex.def on input line 274.
 (C:\Users\Marcello\AppData\Local\Programs\MiKTeX\tex/latex/graphics\mathcolor.ltx)
Package xcolor Info: Model `cmy' substituted by `cmy0' on input line 1349.
Package xcolor Info: Model `hsb' substituted by `rgb' on input line 1353.
Package xcolor Info: Model `RGB' extended on input line 1365.
Package xcolor Info: Model `HTML' substituted by `rgb' on input line 1367.
Package xcolor Info: Model `Hsb' substituted by `hsb' on input line 1368.
Package xcolor Info: Model `tHsb' substituted by `hsb' on input line 1369.
Package xcolor Info: Model `HSB' substituted by `hsb' on input line 1370.
Package xcolor Info: Model `Gray' substituted by `gray' on input line 1371.
Package xcolor Info: Model `wave' substituted by `hsb' on input line 1372.
) (C:\Users\Marcello\AppData\Local\Programs\MiKTeX\tex/latex/colortbl\colortbl.sty
Package: colortbl 2024/10/29 v1.0k Color table columns (DPC)
 (C:\Users\Marcello\AppData\Local\Programs\MiKTeX\tex/latex/tools\array.sty
Package: array 2025/09/25 v2.6n Tabular extension package (FMi)
\col@sep=\dimen187
\ar@mcellbox=\box63
\extrarowheight=\dimen188
\NC@list=\toks36
\extratabsurround=\skip63
\backup@length=\skip64
\ar@cellbox=\box64
)
\everycr=\toks37
\minrowclearance=\skip65
\rownum=\count328
) (C:\Users\Marcello\AppData\Local\Programs\MiKTeX\tex/latex/graphics\dvipsnam.def
File: dvipsnam.def 2016/06/17 v3.0m Driver-dependent file (DPC,SPQR)
) (C:\Users\Marcello\AppData\Local\Programs\MiKTeX\tex/generic/pgf/basiclayer\pgfcore.code.tex
Package: pgfcore 2025-08-29 v3.1.11a (3.1.11a)
 (C:\Users\Marcello\AppData\Local\Programs\MiKTeX\tex/generic/pgf/math\pgfmath.code.tex (C:\Users\Marcello\AppData\Local\Programs\MiKTeX\tex/generic/pgf/math\pgfmathutil.code.tex) (C:\Users\Marcello\AppData\Local\Programs\MiKTeX\tex/generic/pgf/math\pgfmathparser.code.tex
\pgfmath@dimen=\dimen189
\pgfmath@count=\count329
\pgfmath@box=\box65
\pgfmath@toks=\toks38
\pgfmath@stack@operand=\toks39
\pgfmath@stack@operation=\toks40
) (C:\Users\Marcello\AppData\Local\Programs\MiKTeX\tex/generic/pgf/math\pgfmathfunctions.code.tex) (C:\Users\Marcello\AppData\Local\Programs\MiKTeX\tex/generic/pgf/math\pgfmathfunctions.basic.code.tex) (C:\Users\Marcello\AppData\Local\Programs\MiKTeX\tex/generic/pgf/math\pgfmathfunctions.trigonometric.code.tex) (C:\Users\Marcello\AppData\Local\Programs\MiKTeX\tex/generic/pgf/math\pgfmathfunctions.random.code.tex) (C:\Users\Marcello\AppData\Local\Programs\MiKTeX\tex/generic/pgf/math\pgfmathfunctions.comparison.code.tex) (C:\Users\Marcello\AppData\Local\Programs\MiKTeX\tex/generic/pgf/math\pgfmathfunctions.base.code.tex) (C:\Users\Marcello\AppData\Local\Programs\MiKTeX\tex/generic/pgf/math\pgfmathfunctions.round.code.tex) (C:\Users\Marcello\AppData\Local\Programs\MiKTeX\tex/generic/pgf/math\pgfmathfunctions.misc.code.tex) (C:\Users\Marcello\AppData\Local\Programs\MiKTeX\tex/generic/pgf/math\pgfmathfunctions.integerarithmetics.code.tex) (C:\Users\Marcello\AppData\Local\Programs\MiKTeX\tex/generic/pgf/math\pgfmathcalc.code.tex) (C:\Users\Marcello\AppData\Local\Programs\MiKTeX\tex/generic/pgf/math\pgfmathfloat.code.tex
\c@pgfmathroundto@lastzeros=\count330
)) (C:\Users\Marcello\AppData\Local\Programs\MiKTeX\tex/generic/pgf/math\pgfint.code.tex) (C:\Users\Marcello\AppData\Local\Programs\MiKTeX\tex/generic/pgf/basiclayer\pgfcorepoints.code.tex
File: pgfcorepoints.code.tex 2025-08-29 v3.1.11a (3.1.11a)
\pgf@picminx=\dimen190
\pgf@picmaxx=\dimen191
\pgf@picminy=\dimen192
\pgf@picmaxy=\dimen193
\pgf@pathminx=\dimen194
\pgf@pathmaxx=\dimen195
\pgf@pathminy=\dimen196
\pgf@pathmaxy=\dimen197
\pgf@xx=\dimen198
\pgf@xy=\dimen199
\pgf@yx=\dimen256
\pgf@yy=\dimen257
\pgf@zx=\dimen258
\pgf@zy=\dimen259
) (C:\Users\Marcello\AppData\Local\Programs\MiKTeX\tex/generic/pgf/basiclayer\pgfcorepathconstruct.code.tex
File: pgfcorepathconstruct.code.tex 2025-08-29 v3.1.11a (3.1.11a)
\pgf@path@lastx=\dimen260
\pgf@path@lasty=\dimen261
) (C:\Users\Marcello\AppData\Local\Programs\MiKTeX\tex/generic/pgf/basiclayer\pgfcorepathusage.code.tex
File: pgfcorepathusage.code.tex 2025-08-29 v3.1.11a (3.1.11a)
\pgf@shorten@end@additional=\dimen262
\pgf@shorten@start@additional=\dimen263
) (C:\Users\Marcello\AppData\Local\Programs\MiKTeX\tex/generic/pgf/basiclayer\pgfcorescopes.code.tex
File: pgfcorescopes.code.tex 2025-08-29 v3.1.11a (3.1.11a)
\pgfpic=\box66
\pgf@hbox=\box67
\pgf@layerbox@main=\box68
\pgf@picture@serial@count=\count331
) (C:\Users\Marcello\AppData\Local\Programs\MiKTeX\tex/generic/pgf/basiclayer\pgfcoregraphicstate.code.tex
File: pgfcoregraphicstate.code.tex 2025-08-29 v3.1.11a (3.1.11a)
\pgflinewidth=\dimen264
) (C:\Users\Marcello\AppData\Local\Programs\MiKTeX\tex/generic/pgf/basiclayer\pgfcoretransformations.code.tex
File: pgfcoretransformations.code.tex 2025-08-29 v3.1.11a (3.1.11a)
\pgf@pt@x=\dimen265
\pgf@pt@y=\dimen266
\pgf@pt@temp=\dimen267
) (C:\Users\Marcello\AppData\Local\Programs\MiKTeX\tex/generic/pgf/basiclayer\pgfcorequick.code.tex
File: pgfcorequick.code.tex 2025-08-29 v3.1.11a (3.1.11a)
) (C:\Users\Marcello\AppData\Local\Programs\MiKTeX\tex/generic/pgf/basiclayer\pgfcoreobjects.code.tex
File: pgfcoreobjects.code.tex 2025-08-29 v3.1.11a (3.1.11a)
) (C:\Users\Marcello\AppData\Local\Programs\MiKTeX\tex/generic/pgf/basiclayer\pgfcorepathprocessing.code.tex
File: pgfcorepathprocessing.code.tex 2025-08-29 v3.1.11a (3.1.11a)
) (C:\Users\Marcello\AppData\Local\Programs\MiKTeX\tex/generic/pgf/basiclayer\pgfcorearrows.code.tex
File: pgfcorearrows.code.tex 2025-08-29 v3.1.11a (3.1.11a)
\pgfarrowsep=\dimen268
) (C:\Users\Marcello\AppData\Local\Programs\MiKTeX\tex/generic/pgf/basiclayer\pgfcoreshade.code.tex
File: pgfcoreshade.code.tex 2025-08-29 v3.1.11a (3.1.11a)
\pgf@max=\dimen269
\pgf@sys@shading@range@num=\count332
\pgf@shadingcount=\count333
) (C:\Users\Marcello\AppData\Local\Programs\MiKTeX\tex/generic/pgf/basiclayer\pgfcoreimage.code.tex
File: pgfcoreimage.code.tex 2025-08-29 v3.1.11a (3.1.11a)
) (C:\Users\Marcello\AppData\Local\Programs\MiKTeX\tex/generic/pgf/basiclayer\pgfcoreexternal.code.tex
File: pgfcoreexternal.code.tex 2025-08-29 v3.1.11a (3.1.11a)
\pgfexternal@startupbox=\box69
) (C:\Users\Marcello\AppData\Local\Programs\MiKTeX\tex/generic/pgf/basiclayer\pgfcorelayers.code.tex
File: pgfcorelayers.code.tex 2025-08-29 v3.1.11a (3.1.11a)
) (C:\Users\Marcello\AppData\Local\Programs\MiKTeX\tex/generic/pgf/basiclayer\pgfcoretransparency.code.tex
File: pgfcoretransparency.code.tex 2025-08-29 v3.1.11a (3.1.11a)
) (C:\Users\Marcello\AppData\Local\Programs\MiKTeX\tex/generic/pgf/basiclayer\pgfcorepatterns.code.tex
File: pgfcorepatterns.code.tex 2025-08-29 v3.1.11a (3.1.11a)
) (C:\Users\Marcello\AppData\Local\Programs\MiKTeX\tex/generic/pgf/basiclayer\pgfcorerdf.code.tex
File: pgfcorerdf.code.tex 2025-08-29 v3.1.11a (3.1.11a)
))) (C:\Users\Marcello\AppData\Local\Programs\MiKTeX\tex/generic/pgf/modules\pgfmoduleshapes.code.tex
File: pgfmoduleshapes.code.tex 2025-08-29 v3.1.11a (3.1.11a)
\pgfnodeparttextbox=\box70
) (C:\Users\Marcello\AppData\Local\Programs\MiKTeX\tex/generic/pgf/modules\pgfmoduleplot.code.tex
File: pgfmoduleplot.code.tex 2025-08-29 v3.1.11a (3.1.11a)
) (C:\Users\Marcello\AppData\Local\Programs\MiKTeX\tex/latex/pgf/compatibility\pgfcomp-version-0-65.sty
Package: pgfcomp-version-0-65 2025-08-29 v3.1.11a (3.1.11a)
\pgf@nodesepstart=\dimen270
\pgf@nodesepend=\dimen271
) (C:\Users\Marcello\AppData\Local\Programs\MiKTeX\tex/latex/pgf/compatibility\pgfcomp-version-1-18.sty
Package: pgfcomp-version-1-18 2025-08-29 v3.1.11a (3.1.11a)
)) (C:\Users\Marcello\AppData\Local\Programs\MiKTeX\tex/latex/pgf/utilities\pgffor.sty (C:\Users\Marcello\AppData\Local\Programs\MiKTeX\tex/latex/pgf/utilities\pgfkeys.sty (C:\Users\Marcello\AppData\Local\Programs\MiKTeX\tex/generic/pgf/utilities\pgfkeys.code.tex)) (C:\Users\Marcello\AppData\Local\Programs\MiKTeX\tex/latex/pgf/math\pgfmath.sty (C:\Users\Marcello\AppData\Local\Programs\MiKTeX\tex/generic/pgf/math\pgfmath.code.tex)) (C:\Users\Marcello\AppData\Local\Programs\MiKTeX\tex/generic/pgf/utilities\pgffor.code.tex
Package: pgffor 2025-08-29 v3.1.11a (3.1.11a)
\pgffor@iter=\dimen272
\pgffor@skip=\dimen273
\pgffor@stack=\toks41
\pgffor@toks=\toks42
)) (C:\Users\Marcello\AppData\Local\Programs\MiKTeX\tex/generic/pgf/frontendlayer/tikz\tikz.code.tex
Package: tikz 2025-08-29 v3.1.11a (3.1.11a)
 (C:\Users\Marcello\AppData\Local\Programs\MiKTeX\tex/generic/pgf/libraries\pgflibraryplothandlers.code.tex
File: pgflibraryplothandlers.code.tex 2025-08-29 v3.1.11a (3.1.11a)
\pgf@plot@mark@count=\count334
\pgfplotmarksize=\dimen274
)
\tikz@lastx=\dimen275
\tikz@lasty=\dimen276
\tikz@lastxsaved=\dimen277
\tikz@lastysaved=\dimen278
\tikz@lastmovetox=\dimen279
\tikz@lastmovetoy=\dimen280
\tikzleveldistance=\dimen281
\tikzsiblingdistance=\dimen282
\tikz@figbox=\box71
\tikz@figbox@bg=\box72
\tikz@tempbox=\box73
\tikz@tempbox@bg=\box74
\tikztreelevel=\count335
\tikznumberofchildren=\count336
\tikznumberofcurrentchild=\count337
\tikz@fig@count=\count338
 (C:\Users\Marcello\AppData\Local\Programs\MiKTeX\tex/generic/pgf/modules\pgfmodulematrix.code.tex
File: pgfmodulematrix.code.tex 2025-08-29 v3.1.11a (3.1.11a)
\pgfmatrixcurrentrow=\count339
\pgfmatrixcurrentcolumn=\count340
\pgf@matrix@numberofcolumns=\count341
)
\tikz@expandcount=\count342
 (C:\Users\Marcello\AppData\Local\Programs\MiKTeX\tex/generic/pgf/frontendlayer/tikz/libraries\tikzlibrarytopaths.code.tex
File: tikzlibrarytopaths.code.tex 2025-08-29 v3.1.11a (3.1.11a)
))) (C:\Users\Marcello\AppData\Local\Programs\MiKTeX\tex/latex/amsfonts\amssymb.sty
Package: amssymb 2013/01/14 v3.01 AMS font symbols
 (C:\Users\Marcello\AppData\Local\Programs\MiKTeX\tex/latex/amsfonts\amsfonts.sty
Package: amsfonts 2013/01/14 v3.01 Basic AMSFonts support
\symAMSa=\mathgroup4
\symAMSb=\mathgroup5
LaTeX Font Info:    Redeclaring math symbol \hbar on input line 98.
LaTeX Font Info:    Overwriting math alphabet `\mathfrak' in version `bold'
(Font)                  U/euf/m/n --> U/euf/b/n on input line 106.
)) (C:\Users\Marcello\AppData\Local\Programs\MiKTeX\tex/generic/pgf/frontendlayer/tikz/libraries\tikzlibrarypositioning.code.tex
File: tikzlibrarypositioning.code.tex 2025-08-29 v3.1.11a (3.1.11a)
) (C:\Users\Marcello\AppData\Local\Programs\MiKTeX\tex/latex/pgfplots\pgfplots.sty (C:\Users\Marcello\AppData\Local\Programs\MiKTeX\tex/generic/pgfplots\pgfplots.revision.tex)
Package: pgfplots 2021/05/15 v1.18.1 Data Visualization (1.18.1)
 (C:\Users\Marcello\AppData\Local\Programs\MiKTeX\tex/generic/pgfplots\pgfplots.code.tex (C:\Users\Marcello\AppData\Local\Programs\MiKTeX\tex/generic/pgfplots\pgfplotscore.code.tex
\t@pgfplots@toka=\toks43
\t@pgfplots@tokb=\toks44
\t@pgfplots@tokc=\toks45
\pgfplots@tmpa=\dimen283
\c@pgfplots@coordindex=\count343
\c@pgfplots@scanlineindex=\count344
 (C:\Users\Marcello\AppData\Local\Programs\MiKTeX\tex/generic/pgfplots/sys\pgfplotssysgeneric.code.tex)) (C:\Users\Marcello\AppData\Local\Programs\MiKTeX\tex/generic/pgfplots/libs\pgfplotslibrary.code.tex) (C:\Users\Marcello\AppData\Local\Programs\MiKTeX\tex/generic/pgfplots/oldpgfcompatib\pgfplotsoldpgfsupp_loader.code.tex (C:\Users\Marcello\AppData\Local\Programs\MiKTeX\tex/generic/pgf/libraries\pgflibraryfpu.code.tex)
Package pgfplots: loading complementary utilities for your pgf version...
\t@pgf@toka=\toks46
\t@pgf@tokb=\toks47
\t@pgf@tokc=\toks48
(C:\Users\Marcello\AppData\Local\Programs\MiKTeX\tex/generic/pgfplots/oldpgfcompatib\pgfplotsoldpgfsupp_pgfutil-common-lists.tex)) (C:\Users\Marcello\AppData\Local\Programs\MiKTeX\tex/generic/pgfplots/util\pgfplotsutil.code.tex (C:\Users\Marcello\AppData\Local\Programs\MiKTeX\tex/generic/pgfplots/liststructure\pgfplotsliststructure.code.tex) (C:\Users\Marcello\AppData\Local\Programs\MiKTeX\tex/generic/pgfplots/liststructure\pgfplotsliststructureext.code.tex) (C:\Users\Marcello\AppData\Local\Programs\MiKTeX\tex/generic/pgfplots/liststructure\pgfplotsarray.code.tex
\c@pgfplotsarray@tmp=\count345
) (C:\Users\Marcello\AppData\Local\Programs\MiKTeX\tex/generic/pgfplots/liststructure\pgfplotsmatrix.code.tex) (C:\Users\Marcello\AppData\Local\Programs\MiKTeX\tex/generic/pgfplots/numtable\pgfplotstableshared.code.tex
\c@pgfplotstable@counta=\count346
\t@pgfplotstable@a=\toks49
) (C:\Users\Marcello\AppData\Local\Programs\MiKTeX\tex/generic/pgfplots/liststructure\pgfplotsdeque.code.tex) (C:\Users\Marcello\AppData\Local\Programs\MiKTeX\tex/generic/pgfplots/util\pgfplotsbinary.code.tex (C:\Users\Marcello\AppData\Local\Programs\MiKTeX\tex/generic/pgfplots/util\pgfplotsbinary.data.code.tex)) (C:\Users\Marcello\AppData\Local\Programs\MiKTeX\tex/generic/pgfplots/util\pgfplotsutil.verb.code.tex) (C:\Users\Marcello\AppData\Local\Programs\MiKTeX\tex/generic/pgfplots/libs\pgflibrarypgfplots.surfshading.code.tex
\c@pgfplotslibrarysurf@no=\count347
 (C:\Users\Marcello\AppData\Local\Programs\MiKTeX\tex/generic/pgfplots/sys\pgflibrarypgfplots.surfshading.pgfsys-pdftex.def))) (C:\Users\Marcello\AppData\Local\Programs\MiKTeX\tex/generic/pgfplots/util\pgfplotscolormap.code.tex (C:\Users\Marcello\AppData\Local\Programs\MiKTeX\tex/generic/pgfplots/util\pgfplotscolor.code.tex)) (C:\Users\Marcello\AppData\Local\Programs\MiKTeX\tex/generic/pgfplots\pgfplotsstackedplots.code.tex) (C:\Users\Marcello\AppData\Local\Programs\MiKTeX\tex/generic/pgfplots\pgfplotsplothandlers.code.tex (C:\Users\Marcello\AppData\Local\Programs\MiKTeX\tex/generic/pgfplots\pgfplotsmeshplothandler.code.tex (C:\Users\Marcello\AppData\Local\Programs\MiKTeX\tex/generic/pgfplots\pgfplotsmeshplotimage.code.tex))) (C:\Users\Marcello\AppData\Local\Programs\MiKTeX\tex/generic/pgfplots\pgfplots.scaling.code.tex) (C:\Users\Marcello\AppData\Local\Programs\MiKTeX\tex/generic/pgfplots\pgfplotscoordprocessing.code.tex) (C:\Users\Marcello\AppData\Local\Programs\MiKTeX\tex/generic/pgfplots\pgfplots.errorbars.code.tex) (C:\Users\Marcello\AppData\Local\Programs\MiKTeX\tex/generic/pgfplots\pgfplots.markers.code.tex) (C:\Users\Marcello\AppData\Local\Programs\MiKTeX\tex/generic/pgfplots\pgfplotsticks.code.tex) (C:\Users\Marcello\AppData\Local\Programs\MiKTeX\tex/generic/pgfplots\pgfplots.paths.code.tex) (C:\Users\Marcello\AppData\Local\Programs\MiKTeX\tex/generic/pgf/frontendlayer/tikz/libraries\tikzlibrarydecorations.code.tex (C:\Users\Marcello\AppData\Local\Programs\MiKTeX\tex/generic/pgf/modules\pgfmoduledecorations.code.tex
\pgfdecoratedcompleteddistance=\dimen284
\pgfdecoratedremainingdistance=\dimen285
\pgfdecoratedinputsegmentcompleteddistance=\dimen286
\pgfdecoratedinputsegmentremainingdistance=\dimen287
\pgf@decorate@distancetomove=\dimen288
\pgf@decorate@repeatstate=\count348
\pgfdecorationsegmentamplitude=\dimen289
\pgfdecorationsegmentlength=\dimen290
)
\tikz@lib@dec@box=\box75
) (C:\Users\Marcello\AppData\Local\Programs\MiKTeX\tex/generic/pgf/frontendlayer/tikz/libraries\tikzlibrarydecorations.pathmorphing.code.tex (C:\Users\Marcello\AppData\Local\Programs\MiKTeX\tex/generic/pgf/libraries/decorations\pgflibrarydecorations.pathmorphing.code.tex)) (C:\Users\Marcello\AppData\Local\Programs\MiKTeX\tex/generic/pgf/frontendlayer/tikz/libraries\tikzlibrarydecorations.pathreplacing.code.tex (C:\Users\Marcello\AppData\Local\Programs\MiKTeX\tex/generic/pgf/libraries/decorations\pgflibrarydecorations.pathreplacing.code.tex)) (C:\Users\Marcello\AppData\Local\Programs\MiKTeX\tex/generic/pgfplots/libs\tikzlibrarypgfplots.contourlua.code.tex)
\pgfplots@numplots=\count349
\pgfplots@xmin@reg=\dimen291
\pgfplots@xmax@reg=\dimen292
\pgfplots@ymin@reg=\dimen293
\pgfplots@ymax@reg=\dimen294
\pgfplots@zmin@reg=\dimen295
\pgfplots@zmax@reg=\dimen296
) (C:\Users\Marcello\AppData\Local\Programs\MiKTeX\tex/generic/pgf/frontendlayer/tikz/libraries\tikzlibraryplotmarks.code.tex
File: tikzlibraryplotmarks.code.tex 2025-08-29 v3.1.11a (3.1.11a)
 (C:\Users\Marcello\AppData\Local\Programs\MiKTeX\tex/generic/pgf/libraries\pgflibraryplotmarks.code.tex
File: pgflibraryplotmarks.code.tex 2025-08-29 v3.1.11a (3.1.11a)
))) (C:\Users\Marcello\AppData\Local\Programs\MiKTeX\tex/latex/tools\tabularx.sty
Package: tabularx 2023/12/11 v2.12a `tabularx' package (DPC)
\TX@col@width=\dimen297
\TX@old@table=\dimen298
\TX@old@col=\dimen299
\TX@target=\dimen300
\TX@delta=\dimen301
\TX@cols=\count350
\TX@ftn=\toks50
) (C:\Users\Marcello\AppData\Local\Programs\MiKTeX\tex/latex/ltablex\ltablex.sty
Package: ltablex 2014/08/13 v1.1 Modified tabularx
 (C:\Users\Marcello\AppData\Local\Programs\MiKTeX\tex/latex/tools\longtable.sty
Package: longtable 2025-10-13 v4.24 Multi-page Table package (DPC)
\LTleft=\skip66
\LTright=\skip67
\LTpre=\skip68
\LTpost=\skip69
\LTchunksize=\count351
\LTcapwidth=\dimen302
\LT@head=\box76
\LT@firsthead=\box77
\LT@foot=\box78
\LT@lastfoot=\box79
\LT@gbox=\box80
\LT@cols=\count352
\LT@rows=\count353
\c@LT@tables=\count354
\c@LT@chunks=\count355
\LT@p@ftn=\toks51
)) (C:\Users\Marcello\AppData\Local\Programs\MiKTeX\tex/latex/booktabs\booktabs.sty
Package: booktabs 2020/01/12 v1.61803398 Publication quality tables
\heavyrulewidth=\dimen303
\lightrulewidth=\dimen304
\cmidrulewidth=\dimen305
\belowrulesep=\dimen306
\belowbottomsep=\dimen307
\aboverulesep=\dimen308
\abovetopsep=\dimen309
\cmidrulesep=\dimen310
\cmidrulekern=\dimen311
\defaultaddspace=\dimen312
\@cmidla=\count356
\@cmidlb=\count357
\@aboverulesep=\dimen313
\@belowrulesep=\dimen314
\@thisruleclass=\count358
\@lastruleclass=\count359
\@thisrulewidth=\dimen315
) (C:\Users\Marcello\AppData\Local\Programs\MiKTeX\tex/latex/listings\listings.sty
\lst@mode=\count360
\lst@gtempboxa=\box81
\lst@token=\toks52
\lst@length=\count361
\lst@currlwidth=\dimen316
\lst@column=\count362
\lst@pos=\count363
\lst@lostspace=\dimen317
\lst@width=\dimen318
\lst@newlines=\count364
\lst@lineno=\count365
\lst@maxwidth=\dimen319
 (C:\Users\Marcello\AppData\Local\Programs\MiKTeX\tex/latex/listings\lstpatch.sty
File: lstpatch.sty 2025/11/14 1.11b (Carsten Heinz)
) (C:\Users\Marcello\AppData\Local\Programs\MiKTeX\tex/latex/listings\lstmisc.sty
File: lstmisc.sty 2025/11/14 1.11b (Carsten Heinz)
\c@lstnumber=\count366
\lst@skipnumbers=\count367
\lst@framebox=\box82
) (C:\Users\Marcello\AppData\Local\Programs\MiKTeX\tex/latex/listings\listings.cfg
File: listings.cfg 2025/11/14 1.11b listings configuration
))
Package: listings 2025/11/14 1.11b (Carsten Heinz)

==> First Aid for listings.sty no longer applied!
    Expected:
        2024/09/23 1.10c (Carsten Heinz)
    but found:
        2025/11/14 1.11b (Carsten Heinz)
    so I'm assuming it got fixed.
(C:\Users\Marcello\AppData\Local\Programs\MiKTeX\tex/latex/listings\lstlang1.sty
File: lstlang1.sty 2025/11/14 1.11b listings language file
) (C:\Users\Marcello\AppData\Local\Programs\MiKTeX\tex/latex/caption\subcaption.sty
Package: subcaption 2023/07/28 v1.6b Sub-captions (AR)
LaTeX Info: Redefining \subref on input line 189.
Package subcaption Info: The counter `subfigure' was already defined by
(subcaption)             \newsubfloat (offered by the subfig package) on input line 238.
Package subcaption Info: The counter `subtable' was already defined by
(subcaption)             \newsubfloat (offered by the subfig package) on input line 238.
) (C:\Users\Marcello\AppData\Local\Programs\MiKTeX\tex/latex/float\float.sty
Package: float 2001/11/08 v1.3d Float enhancements (AL)
\c@float@type=\count368
\float@exts=\toks53
\float@box=\box83
\@float@everytoks=\toks54
\@floatcapt=\box84
)
\@float@every@listing=\toks55
\c@listing=\count369
 (C:\Users\Marcello\AppData\Local\Programs\MiKTeX\tex/latex/minted\minted.sty
Package: minted 2026/03/03 v3.8.0 Yet another Pygments shim for LaTeX
 (C:\Users\Marcello\AppData\Local\Programs\MiKTeX\tex/generic/catchfile\catchfile.sty
Package: catchfile 2019/12/09 v1.8 Catch the contents of a file (HO)
 (C:\Users\Marcello\AppData\Local\Programs\MiKTeX\tex/generic/infwarerr\infwarerr.sty
Package: infwarerr 2019/12/03 v1.5 Providing info/warning/error messages (HO)
) (C:\Users\Marcello\AppData\Local\Programs\MiKTeX\tex/generic/ltxcmds\ltxcmds.sty
Package: ltxcmds 2023-12-04 v1.26 LaTeX kernel commands for general use (HO)
) (C:\Users\Marcello\AppData\Local\Programs\MiKTeX\tex/generic/etexcmds\etexcmds.sty
Package: etexcmds 2019/12/15 v1.7 Avoid name clashes with e-TeX commands (HO)
)) (C:\Users\Marcello\AppData\Local\Programs\MiKTeX\tex/latex/fvextra\fvextra.sty
Package: fvextra 2026/02/25 v1.14.0 fvextra - extensions and patches for fancyvrb
 (C:\Users\Marcello\AppData\Local\Programs\MiKTeX\tex/latex/upquote\upquote.sty
Package: upquote 2012/04/19 v1.3 upright-quote and grave-accent glyphs in verbatim
 (C:\Users\Marcello\AppData\Local\Programs\MiKTeX\tex/latex/base\textcomp.sty
Package: textcomp 2024/04/24 v2.1b Standard LaTeX package
)) (C:\Users\Marcello\AppData\Local\Programs\MiKTeX\tex/latex/lineno\lineno.sty
Package: lineno 2026/03/08 line numbers on paragraphs v5.9
 (C:\Users\Marcello\AppData\Local\Programs\MiKTeX\tex/latex/kvoptions\kvoptions.sty
Package: kvoptions 2022-06-15 v3.15 Key value format for package options (HO)
 (C:\Users\Marcello\AppData\Local\Programs\MiKTeX\tex/latex/kvsetkeys\kvsetkeys.sty
Package: kvsetkeys 2022-10-05 v1.19 Key value parser (HO)
))
\linenopenalty=\count370
\output=\toks56
\linenoprevgraf=\count371
\linenumbersep=\dimen320
\linenumberwidth=\dimen321
\c@linenumber=\count372
\c@pagewiselinenumber=\count373
\c@LN@truepage=\count374
\c@internallinenumber=\count375
\c@internallinenumbers=\count376
\quotelinenumbersep=\dimen322
\bframerule=\dimen323
\bframesep=\dimen324
\bframebox=\box85
\@LN@amsmath@ams@eqpen=\count377
)
\c@FancyVerbWriteLine=\count378
\c@FancyVerbBufferLine=\count379
\c@FV@TrueTabGroupLevel=\count380
\c@FV@TrueTabCounter=\count381
\FV@TabBox@Group=\box86
\FV@bgcolorstructbox=\box87
\FV@TmpLength=\skip70
\c@FV@HighlightLinesStart=\count382
\c@FV@HighlightLinesStop=\count383
\FV@LoopCount=\count384
\FV@NCharsBox=\box88
\FV@BreakIndent=\dimen325
\FV@BreakIndentNChars=\count385
\FV@BreakSymbolSepLeft=\dimen326
\FV@BreakSymbolSepLeftNChars=\count386
\FV@BreakSymbolSepRight=\dimen327
\FV@BreakSymbolSepRightNChars=\count387
\FV@BreakSymbolIndentLeft=\dimen328
\FV@BreakSymbolIndentLeftNChars=\count388
\FV@BreakSymbolIndentRight=\dimen329
\FV@BreakSymbolIndentRightNChars=\count389
\c@FancyVerbLineBreakLast=\count390
\FV@LineBox=\box89
\FV@LineIndentBox=\box90
\c@FV@BreakBufferDepth=\count391
\FV@LineWidth=\dimen330
) (C:\Users\Marcello\AppData\Local\Programs\MiKTeX\tex/latex/latex2pydata\latex2pydata.sty
Package: latex2pydata 2026/02/25 v0.7.0 latex2pydata - write data to file in Python literal format
) (C:\Users\Marcello\AppData\Local\Programs\MiKTeX\tex/latex/pgfopts\pgfopts.sty
Package: pgfopts 2014/07/10 v2.1a LaTeX package options with pgfkeys
\pgfopts@list@add@a@toks=\toks57
\pgfopts@list@add@b@toks=\toks58
) (C:\Users\Marcello\AppData\Local\Programs\MiKTeX\tex/latex/tools\shellesc.sty
Package: shellesc 2023/07/08 v1.0d unified shell escape interface for LaTeX
Package shellesc Info: Unrestricted shell escape enabled on input line 75.
)
\c@minted@FancyVerbLineTemp=\count392
) (C:\Users\Marcello\AppData\Local\Programs\MiKTeX\tex/latex/parskip\parskip.sty
Package: parskip 2021-03-14 v2.0h non-zero parskip adjustments
) (C:\Users\Marcello\AppData\Local\Programs\MiKTeX\tex/latex/titlesec\titlesec.sty
Package: titlesec 2025/01/04 v2.17 Sectioning titles
\ttl@box=\box91
\beforetitleunit=\skip71
\aftertitleunit=\skip72
\ttl@plus=\dimen331
\ttl@minus=\dimen332
\ttl@toksa=\toks59
\titlewidth=\dimen333
\titlewidthlast=\dimen334
\titlewidthfirst=\dimen335
) (C:\Users\Marcello\AppData\Local\Programs\MiKTeX\tex/latex/placeins\placeins.sty
Package: placeins 2005/04/18  v 2.2
) (C:\Users\Marcello\AppData\Local\Programs\MiKTeX\tex/latex/hyperref\hyperref.sty
Package: hyperref 2026-01-29 v7.01p Hypertext links for LaTeX
 (C:\Users\Marcello\AppData\Local\Programs\MiKTeX\tex/generic/kvdefinekeys\kvdefinekeys.sty
Package: kvdefinekeys 2019-12-19 v1.6 Define keys (HO)
) (C:\Users\Marcello\AppData\Local\Programs\MiKTeX\tex/generic/pdfescape\pdfescape.sty
Package: pdfescape 2019/12/09 v1.15 Implements pdfTeX's escape features (HO)
 (C:\Users\Marcello\AppData\Local\Programs\MiKTeX\tex/generic/pdftexcmds\pdftexcmds.sty
Package: pdftexcmds 2020-06-27 v0.33 Utility functions of pdfTeX for LuaTeX (HO)
Package pdftexcmds Info: \pdf@primitive is available.
Package pdftexcmds Info: \pdf@ifprimitive is available.
Package pdftexcmds Info: \pdfdraftmode found.
)) (C:\Users\Marcello\AppData\Local\Programs\MiKTeX\tex/latex/hycolor\hycolor.sty
Package: hycolor 2020-01-27 v1.10 Color options for hyperref/bookmark (HO)
) (C:\Users\Marcello\AppData\Local\Programs\MiKTeX\tex/latex/hyperref\nameref.sty
Package: nameref 2026-01-29 v2.58 Cross-referencing by name of section
 (C:\Users\Marcello\AppData\Local\Programs\MiKTeX\tex/latex/refcount\refcount.sty
Package: refcount 2019/12/15 v3.6 Data extraction from label references (HO)
) (C:\Users\Marcello\AppData\Local\Programs\MiKTeX\tex/generic/gettitlestring\gettitlestring.sty
Package: gettitlestring 2019/12/15 v1.6 Cleanup title references (HO)
)
\c@section@level=\count393
) (C:\Users\Marcello\AppData\Local\Programs\MiKTeX\tex/generic/stringenc\stringenc.sty
Package: stringenc 2019/11/29 v1.12 Convert strings between diff. encodings (HO)
)
\@linkdim=\dimen336
\Hy@linkcounter=\count394
\Hy@pagecounter=\count395
 (C:\Users\Marcello\AppData\Local\Programs\MiKTeX\tex/latex/hyperref\pd1enc.def
File: pd1enc.def 2026-01-29 v7.01p Hyperref: PDFDocEncoding definition (HO)
Now handling font encoding PD1 ...
... no UTF-8 mapping file for font encoding PD1
) (C:\Users\Marcello\AppData\Local\Programs\MiKTeX\tex/generic/intcalc\intcalc.sty
Package: intcalc 2019/12/15 v1.3 Expandable calculations with integers (HO)
)
\Hy@SavedSpaceFactor=\count396
 (C:\Users\Marcello\AppData\Local\Programs\MiKTeX\tex/latex/hyperref\puenc.def
File: puenc.def 2026-01-29 v7.01p Hyperref: PDF Unicode definition (HO)
Now handling font encoding PU ...
... no UTF-8 mapping file for font encoding PU
)
Package hyperref Info: Hyper figures OFF on input line 4201.
Package hyperref Info: Link nesting OFF on input line 4206.
Package hyperref Info: Hyper index ON on input line 4209.
Package hyperref Info: Plain pages OFF on input line 4216.
Package hyperref Info: Backreferencing OFF on input line 4221.
Package hyperref Info: Implicit mode ON; LaTeX internals redefined.
Package hyperref Info: Bookmarks ON on input line 4468.
\c@Hy@tempcnt=\count397
 (C:\Users\Marcello\AppData\Local\Programs\MiKTeX\tex/latex/url\url.sty
\Urlmuskip=\muskip18
Package: url 2013/09/16  ver 3.4  Verb mode for urls, etc.
)
LaTeX Info: Redefining \url on input line 4807.
\XeTeXLinkMargin=\dimen337
 (C:\Users\Marcello\AppData\Local\Programs\MiKTeX\tex/generic/bitset\bitset.sty
Package: bitset 2019/12/09 v1.3 Handle bit-vector datatype (HO)
 (C:\Users\Marcello\AppData\Local\Programs\MiKTeX\tex/generic/bigintcalc\bigintcalc.sty
Package: bigintcalc 2019/12/15 v1.5 Expandable calculations on big integers (HO)
))
\Fld@menulength=\count398
\Field@Width=\dimen338
\Fld@charsize=\dimen339
Package hyperref Info: Hyper figures OFF on input line 6084.
Package hyperref Info: Link nesting OFF on input line 6089.
Package hyperref Info: Hyper index ON on input line 6092.
Package hyperref Info: backreferencing OFF on input line 6099.
Package hyperref Info: Link coloring OFF on input line 6104.
Package hyperref Info: Link coloring with OCG OFF on input line 6109.
Package hyperref Info: PDF/A mode OFF on input line 6114.
\Hy@abspage=\count399
\c@Item=\count400
\c@Hfootnote=\count401
)
Package hyperref Info: Driver (autodetected): hpdftex.
 (C:\Users\Marcello\AppData\Local\Programs\MiKTeX\tex/latex/hyperref\hpdftex.def
File: hpdftex.def 2026-01-29 v7.01p Hyperref driver for pdfTeX
\Fld@listcount=\count402
\c@bookmark@seq@number=\count403
 (C:\Users\Marcello\AppData\Local\Programs\MiKTeX\tex/latex/rerunfilecheck\rerunfilecheck.sty
Package: rerunfilecheck 2025-06-21 v1.11 Rerun checks for auxiliary files (HO)
 (C:\Users\Marcello\AppData\Local\Programs\MiKTeX\tex/generic/uniquecounter\uniquecounter.sty
Package: uniquecounter 2019/12/15 v1.4 Provide unlimited unique counter (HO)
)
Package uniquecounter Info: New unique counter `rerunfilecheck' on input line 284.
)
\Hy@SectionHShift=\skip73
)
Package hyperref Info: Option `colorlinks' set `true' on input line 149.
 (main.aux (2.introduction.aux) (3.chapter_1.aux) (4.chapter_2.aux) (5.chapter_3.aux) (6.chapter_4.aux) (7.chapter_5.aux) (8.chapter_6.aux) (9.chapter_7.aux) (conclusion.aux) (tables.aux))
\openout1 = `main.aux'.

LaTeX Font Info:    Checking defaults for OML/cmm/m/it on input line 195.
LaTeX Font Info:    ... okay on input line 195.
LaTeX Font Info:    Checking defaults for OMS/cmsy/m/n on input line 195.
LaTeX Font Info:    ... okay on input line 195.
LaTeX Font Info:    Checking defaults for OT1/cmr/m/n on input line 195.
LaTeX Font Info:    ... okay on input line 195.
LaTeX Font Info:    Checking defaults for T1/cmr/m/n on input line 195.
LaTeX Font Info:    ... okay on input line 195.
LaTeX Font Info:    Checking defaults for TS1/cmr/m/n on input line 195.
LaTeX Font Info:    ... okay on input line 195.
LaTeX Font Info:    Checking defaults for OMX/cmex/m/n on input line 195.
LaTeX Font Info:    ... okay on input line 195.
LaTeX Font Info:    Checking defaults for U/cmr/m/n on input line 195.
LaTeX Font Info:    ... okay on input line 195.
LaTeX Font Info:    Checking defaults for PD1/pdf/m/n on input line 195.
LaTeX Font Info:    ... okay on input line 195.
LaTeX Font Info:    Checking defaults for PU/pdf/m/n on input line 195.
LaTeX Font Info:    ... okay on input line 195.
LaTeX Info: Redefining \it@ocap on input line 195.
LaTeX Info: Redefining \it@ccap on input line 195.
 (C:\Users\Marcello\AppData\Local\Programs\MiKTeX\tex/context/base/mkii\supp-pdf.mkii
[Loading MPS to PDF converter (version 2006.09.02).]
\scratchcounter=\count404
\scratchdimen=\dimen340
\scratchbox=\box92
\nofMPsegments=\count405
\nofMParguments=\count406
\everyMPshowfont=\toks60
\MPscratchCnt=\count407
\MPscratchDim=\dimen341
\MPnumerator=\count408
\makeMPintoPDFobject=\count409
\everyMPtoPDFconversion=\toks61
) (C:\Users\Marcello\AppData\Local\Programs\MiKTeX\tex/latex/epstopdf-pkg\epstopdf-base.sty
Package: epstopdf-base 2020-01-24 v2.11 Base part for package epstopdf
Package epstopdf-base Info: Redefining graphics rule for `.eps' on input line 485.
 (C:\Users\Marcello\AppData\Local\Programs\MiKTeX\tex/latex/00miktex\epstopdf-sys.cfg
File: epstopdf-sys.cfg 2021/03/18 v2.0 Configuration of epstopdf for MiKTeX
)) (C:\Users\Marcello\AppData\Local\Programs\MiKTeX\tex/latex/toptesi\topfront.sty
Package: topfront 2025-01-15 v.6.4.07 Title page for TOPtesi and other classes
\TPT@logospace=\skip74
\TPT@logobox=\box93
\TPT@logoheight=\dimen342
\T@Tlogoheight=\skip75
 (C:\Users\Marcello\AppData\Local\Programs\MiKTeX\tex/latex/toptesi\toptesi.cfg)) (C:\Users\Marcello\AppData\Local\Programs\MiKTeX\tex/latex/toptesi\topcoman.sty
Package: topcoman 2025-01-15 v.6.4.07 Additional commands for the TOPtesi bundle
)
Package caption Info: Begin \AtBeginDocument code.
Package caption Info: subfig package v1.3 is loaded.
Package caption Info: float package is loaded.
Package caption Info: hyperref package is loaded.
Package caption Info: listings package is loaded.
Package caption Info: longtable package is loaded.
 (C:\Users\Marcello\AppData\Local\Programs\MiKTeX\tex/latex/caption\ltcaption.sty
Package: ltcaption 2021/01/08 v1.4c longtable captions (AR)
)
Package caption Info: End \AtBeginDocument code.

Package pgfplots notification 'compat/show suggested version=true': document has been generated with the most recent feature set (\pgfplotsset{compat=1.18}).

\c@lstlisting=\count410
Package hyperref Info: Link coloring ON on input line 195.
(main.out) (main.out)
\@outlinefile=\write5
\openout5 = `main.out'.

 (0.front.tex
<images/poliba.png, id=546, 225.84375pt x 225.84375pt>
File: images/poliba.png Graphic file (type png)
<use images/poliba.png>
Package pdftex.def Info: images/poliba.png  used on input line 4.
(pdftex.def)             Requested size: 147.87839pt x 147.88565pt.

Underfull \hbox (badness 10000) in paragraph at lines 15--15
 [][]\T1/cmr/m/n/14.4 Candidate
 []


Underfull \hbox (badness 10000) in paragraph at lines 15--15
 []\T1/cmr/bx/n/14.4 Marcello Bari
 []

[1



{C:/Users/Marcello/AppData/Local/MiKTeX/fonts/map/pdftex/pdftex.map} <./images/poliba.png>])
pdfTeX warning (ext4): destination with the same identifier (name{page.1}) has been already used, duplicate ignored
<to be read again> 
                   \relax 
l.205 \newpage
               [1]
<liberatoria.png, id=562, 552.56438pt x 663.22781pt>
File: liberatoria.png Graphic file (type png)
<use liberatoria.png>
Package pdftex.def Info: liberatoria.png  used on input line 206.
(pdftex.def)             Requested size: 549.2543pt x 659.24902pt.

Overfull \hbox (55.6201pt too wide) in paragraph at lines 206--207
| [] 
 []


Overfull \vbox (49.74115pt too high) has occurred while \output is active []


Overfull \vbox (49.74115pt too high) has occurred while \output is active []

 [2 <./liberatoria.png>] [3] (1.abstract.tex
LaTeX Font Info:    Trying to load font information for U+msa on input line 5.
 (C:\Users\Marcello\AppData\Local\Programs\MiKTeX\tex/latex/amsfonts\umsa.fd
File: umsa.fd 2013/01/14 v3.01 AMS symbols A
)
LaTeX Font Info:    Trying to load font information for U+msb on input line 5.
 (C:\Users\Marcello\AppData\Local\Programs\MiKTeX\tex/latex/amsfonts\umsb.fd
File: umsb.fd 2013/01/14 v3.01 AMS symbols B
)
Underfull \vbox (badness 10000) has occurred while \output is active []


Underfull \vbox (badness 10000) has occurred while \output is active []

 [1



]) [2] (main.toc [3

] [4]
Underfull \vbox (badness 1303) has occurred while \output is active []


Underfull \vbox (badness 1303) has occurred while \output is active []

 [5])
\tf@toc=\write6
\openout6 = `main.toc'.

 [6]
\openout2 = `2.introduction.aux'.

 (2.introduction.tex
Underfull \vbox (badness 10000) has occurred while \output is active []


Underfull \vbox (badness 10000) has occurred while \output is active []


pdfTeX warning (ext4): destination with the same identifier (name{page.1}) has been already used, duplicate ignored
<to be read again> 
                   \relax 
l.9 
     [1




]
Underfull \vbox (badness 10000) has occurred while \output is active []


Underfull \vbox (badness 10000) has occurred while \output is active []


pdfTeX warning (ext4): destination with the same identifier (name{page.2}) has been already used, duplicate ignored
<to be read again> 
                   \relax 
l.18 C
      omplementing the threshold-based safety layer, a model-based fault det... [2])
pdfTeX warning (ext4): destination with the same identifier (name{page.3}) has been already used, duplicate ignored
<to be read again> 
                   \relax 
l.225 \include{2.introduction}
                               [3]
\openout2 = `3.chapter_1.aux'.

 (3.chapter_1.tex
Chapter 1.

Underfull \vbox (badness 10000) has occurred while \output is active []


Underfull \vbox (badness 10000) has occurred while \output is active []

 [4





]
<images/chapter1/progetto_riferimento.png, id=761, 374.14781pt x 190.46156pt>
File: images/chapter1/progetto_riferimento.png Graphic file (type png)
<use images/chapter1/progetto_riferimento.png>
Package pdftex.def Info: images/chapter1/progetto_riferimento.png  used on input line 23.
(pdftex.def)             Requested size: 249.27481pt x 126.89363pt.
<images/chapter1/tabella_riferimento.png, id=762, 222.8325pt x 106.14656pt>
File: images/chapter1/tabella_riferimento.png Graphic file (type png)
<use images/chapter1/tabella_riferimento.png>
Package pdftex.def Info: images/chapter1/tabella_riferimento.png  used on input line 28.
(pdftex.def)             Requested size: 168.99834pt x 80.50377pt.
 [5]
<images/chapter1/immagine_disegno.png, id=769, 694.09312pt x 432.86719pt>
File: images/chapter1/immagine_disegno.png Graphic file (type png)
<use images/chapter1/immagine_disegno.png>
Package pdftex.def Info: images/chapter1/immagine_disegno.png  used on input line 40.
(pdftex.def)             Requested size: 277.63232pt x 173.1438pt.
 [6 <./images/chapter1/progetto_riferimento.png> <./images/chapter1/tabella_riferimento.png> <./images/chapter1/immagine_disegno.png>]
<images/chapter1/assemblato.png, id=781, 751.30687pt x 606.01407pt>
File: images/chapter1/assemblato.png Graphic file (type png)
<use images/chapter1/assemblato.png>
Package pdftex.def Info: images/chapter1/assemblato.png  used on input line 52.
(pdftex.def)             Requested size: 300.51741pt x 242.40132pt.
 [7 <./images/chapter1/assemblato.png>]
<images/chapter1/open_chain.png, id=789, 953.5625pt x 597.23125pt>
File: images/chapter1/open_chain.png Graphic file (type png)
<use images/chapter1/open_chain.png>
Package pdftex.def Info: images/chapter1/open_chain.png  used on input line 73.
(pdftex.def)             Requested size: 381.41824pt x 238.88826pt.

Underfull \vbox (badness 10000) has occurred while \output is active []


Underfull \vbox (badness 10000) has occurred while \output is active []

 [8 <./images/chapter1/open_chain.png>]) [9]
\openout2 = `4.chapter_2.aux'.

 (4.chapter_2.tex
Chapter 2.

Underfull \vbox (badness 8094) has occurred while \output is active []


Underfull \vbox (badness 8094) has occurred while \output is active []

 [10




]
<images/chapter2/errori_annulati.png, id=807, 1018.80624pt x 719.68875pt>
File: images/chapter2/errori_annulati.png Graphic file (type png)
<use images/chapter2/errori_annulati.png>
Package pdftex.def Info: images/chapter2/errori_annulati.png  used on input line 58.
(pdftex.def)             Requested size: 305.64423pt x 215.9083pt.
<images/chapter2/errori_annullati_3.png, id=808, 1018.80624pt x 759.83875pt>
File: images/chapter2/errori_annullati_3.png Graphic file (type png)
<use images/chapter2/errori_annullati_3.png>
Package pdftex.def Info: images/chapter2/errori_annullati_3.png  used on input line 61.
(pdftex.def)             Requested size: 305.64423pt x 227.95337pt.


LaTeX Warning: `h' float specifier changed to `ht'.

[11]
Underfull \vbox (badness 10000) has occurred while \output is active []


Underfull \vbox (badness 10000) has occurred while \output is active []

 [12 <./images/chapter2/errori_annulati.png> <./images/chapter2/errori_annullati_3.png>]
\pydata@fh@0=\write7
\openout7 = `_FAD58DE7366495DB4650CFEFAC2FCD61.data.minted'.

runsystem(latexminted config  --timestamp 20260408162218 FAD58DE7366495DB4650CFEFAC2FCD61)...executed.

 (_FAD58DE7366495DB4650CFEFAC2FCD61.config.minted)
runsystem(latexminted cleanconfig  --timestamp 20260408162218 FAD58DE7366495DB4650CFEFAC2FCD61)...executed.

 (_minted/tango.style.minted) (_minted/1696005B189BCC74DD69848CAC97B893.highlight.minted
LaTeX Font Info:    Font shape `T1/cmtt/bx/n' in size <10> not available
(Font)              Font shape `T1/cmtt/m/n' tried instead on input line 3.
) (_minted/1A71754187C9EB165CDD0006A7CF7D30.highlight.minted [13]) (_minted/47A0FFCAA4A4D2CFA72867C0D2F47C34.highlight.minted) [14] (_minted/AD4FF8520F6A2D81FC6436F1B0ED461A.highlight.minted)) [15]
\openout2 = `5.chapter_3.aux'.

 (5.chapter_3.tex
Chapter 3.

Underfull \vbox (badness 10000) has occurred while \output is active []


Underfull \vbox (badness 10000) has occurred while \output is active []

 [16




] [17] [18] [19] [20] [21] [22] [23] [24] (_minted/601A9327F1BA60420C38D17FD3AB5066.highlight.minted) (_minted/2492E967E2879DBD1E0EDC9F10E39FBD.highlight.minted) [25] (_minted/7AA9E5B468A7EEF7459246C096E4BF14.highlight.minted) (_minted/D53840A4BFA61A0A9D0E1C7CAE456DC5.highlight.minted [26]) [27] (_minted/1AFFD193C0D3428E621671B732A05E80.highlight.minted) (_minted/5BFBE802384FADD6A9554D36EAB2E9FF.highlight.minted) [28]
Overfull \hbox (5.16258pt too wide) in paragraph at lines 425--426
[] []\T1/cmr/bx/n/12 Fric-tion Torque[] \T1/cmr/m/n/12 Dis-si-pa-tive ef-fects aris-ing from joint fric-tion are mod-eled through
 []

[29] [30] [31]
<images/chapter3/01_torque_vs_time.png, id=962, 418.26262pt x 328.37682pt>
File: images/chapter3/01_torque_vs_time.png Graphic file (type png)
<use images/chapter3/01_torque_vs_time.png>
Package pdftex.def Info: images/chapter3/01_torque_vs_time.png  used on input line 510.
(pdftex.def)             Requested size: 209.13078pt x 164.188pt.
 [32 <./images/chapter3/01_torque_vs_time.png>]
<images/chapter3/07_theta_kinematics.png, id=971, 418.26262pt x 328.37682pt>
File: images/chapter3/07_theta_kinematics.png Graphic file (type png)
<use images/chapter3/07_theta_kinematics.png>
Package pdftex.def Info: images/chapter3/07_theta_kinematics.png  used on input line 526.
(pdftex.def)             Requested size: 209.13078pt x 164.188pt.
 [33 <./images/chapter3/07_theta_kinematics.png>]
<images/chapter3/02_ce_force_vs_time.png, id=980, 416.45587pt x 328.37682pt>
File: images/chapter3/02_ce_force_vs_time.png Graphic file (type png)
<use images/chapter3/02_ce_force_vs_time.png>
Package pdftex.def Info: images/chapter3/02_ce_force_vs_time.png  used on input line 541.
(pdftex.def)             Requested size: 208.22742pt x 164.188pt.
<images/chapter3/forza_end_effector.png, id=981, 585.18625pt x 443.6575pt>
File: images/chapter3/forza_end_effector.png Graphic file (type png)
<use images/chapter3/forza_end_effector.png>
Package pdftex.def Info: images/chapter3/forza_end_effector.png  used on input line 549.
(pdftex.def)             Requested size: 292.5924pt x 221.8282pt.
<images/chapter3/04_closure_norm.png, id=984, 400.64682pt x 328.37682pt>
File: images/chapter3/04_closure_norm.png Graphic file (type png)
<use images/chapter3/04_closure_norm.png>
Package pdftex.def Info: images/chapter3/04_closure_norm.png  used on input line 561.
(pdftex.def)             Requested size: 180.2894pt x 147.76819pt.

Underfull \vbox (badness 3240) has occurred while \output is active []


Underfull \vbox (badness 3240) has occurred while \output is active []

 [34 <./images/chapter3/02_ce_force_vs_time.png> <./images/chapter3/forza_end_effector.png>]
<images/chapter3/05_solver_diagnostics.png, id=992, 416.45587pt x 328.37682pt>
File: images/chapter3/05_solver_diagnostics.png Graphic file (type png)
<use images/chapter3/05_solver_diagnostics.png>
Package pdftex.def Info: images/chapter3/05_solver_diagnostics.png  used on input line 571.
(pdftex.def)             Requested size: 187.4034pt x 147.76819pt.
 [35 <./images/chapter3/04_closure_norm.png> <./images/chapter3/05_solver_diagnostics.png>]
<images/chapter3/06_tau_breakdown.png, id=1004, 418.26262pt x 328.37682pt>
File: images/chapter3/06_tau_breakdown.png Graphic file (type png)
<use images/chapter3/06_tau_breakdown.png>
Package pdftex.def Info: images/chapter3/06_tau_breakdown.png  used on input line 587.
(pdftex.def)             Requested size: 209.13078pt x 164.188pt.
 [36 <./images/chapter3/06_tau_breakdown.png>]) [37]
\openout2 = `6.chapter_4.aux'.

 (6.chapter_4.tex
Chapter 4.
<images/chapter4/control_loop_rqt_graph.png, id=1016, 1108.8928pt x 306.39468pt>
File: images/chapter4/control_loop_rqt_graph.png Graphic file (type png)
<use images/chapter4/control_loop_rqt_graph.png>
Package pdftex.def Info: images/chapter4/control_loop_rqt_graph.png  used on input line 18.
(pdftex.def)             Requested size: 388.1183pt x 107.23975pt.
[38




] [39 <./images/chapter4/control_loop_rqt_graph.png>] [40] [41] [42] [43]
Overfull \hbox (16.1285pt too wide) in paragraph at lines 152--153
[]\T1/cmr/m/n/12 The feed-forward term is con-structed by sub-sti-tut-ing the ref-er-ence tra-jec-tory $\OT1/cmr/m/n/12 (\OML/cmm/m/it/12 ^^R[]; []; []\OT1/cmr/m/n/12 )$
 []


Overfull \hbox (5.29575pt too wide) in paragraph at lines 167--168
\T1/cmr/m/n/12 Cori-o-lis, cen-trifu-gal, grav-i-ta-tional con-tri-bu-tions and the geometric-acceleration
 []

[44]
Overfull \hbox (5.78012pt too wide) in paragraph at lines 172--173
\T1/cmr/m/n/12 con-tri-bu-tion is \T1/cmr/bx/n/12 not \T1/cmr/m/n/12 in-cluded in the feed-forward com-pen-sa-tion. Be-cause the Coulomb
 []

[45] [46]
Overfull \hbox (1.35072pt too wide) in paragraph at lines 237--238
[]\T1/cmr/m/n/12 The ad-mit-tance con-troller was con-fig-ured with $\OML/cmm/m/it/12 M[] \OT1/cmr/m/n/12 = 0\OML/cmm/m/it/12 :\OT1/cmr/m/n/12 5 []$\T1/cmr/m/n/12 , $\OML/cmm/m/it/12 D[] \OT1/cmr/m/n/12 = 5\OML/cmm/m/it/12 :\OT1/cmr/m/n/12 0 []$\T1/cmr/m/n/12 ,
 []

[47]
<images/chapter4/step_long_combined.png, id=1085, 495.35063pt x 282.30469pt>
File: images/chapter4/step_long_combined.png Graphic file (type png)
<use images/chapter4/step_long_combined.png>
Package pdftex.def Info: images/chapter4/step_long_combined.png  used on input line 247.
(pdftex.def)             Requested size: 198.13673pt x 112.91986pt.
<images/chapter4/step_admittance.png, id=1087, 496.85625pt x 566.115pt>
File: images/chapter4/step_admittance.png Graphic file (type png)
<use images/chapter4/step_admittance.png>
Package pdftex.def Info: images/chapter4/step_admittance.png  used on input line 258.
(pdftex.def)             Requested size: 198.73897pt x 226.44199pt.
 [48 <./images/chapter4/step_long_combined.png> <./images/chapter4/step_admittance.png>]
<images/chapter4/step_trajectory.png, id=1097, 492.33937pt x 566.86781pt>
File: images/chapter4/step_trajectory.png Graphic file (type png)
<use images/chapter4/step_trajectory.png>
Package pdftex.def Info: images/chapter4/step_trajectory.png  used on input line 275.
(pdftex.def)             Requested size: 196.93225pt x 226.7431pt.

Underfull \vbox (badness 4846) has occurred while \output is active []


Underfull \vbox (badness 4846) has occurred while \output is active []

 [49 <./images/chapter4/step_trajectory.png>]
<images/chapter4/sine_combined.png, id=1106, 496.10344pt x 285.31593pt>
File: images/chapter4/sine_combined.png Graphic file (type png)
<use images/chapter4/sine_combined.png>
Package pdftex.def Info: images/chapter4/sine_combined.png  used on input line 295.
(pdftex.def)             Requested size: 297.66435pt x 171.19087pt.
 [50 <./images/chapter4/sine_combined.png>]) [51]
\openout2 = `7.chapter_5.aux'.

 (7.chapter_5.tex
Chapter 5.

Underfull \vbox (badness 10000) has occurred while \output is active []


Underfull \vbox (badness 10000) has occurred while \output is active []

 [52




]
Underfull \vbox (badness 10000) has occurred while \output is active []


Underfull \vbox (badness 10000) has occurred while \output is active []

 [53]
Underfull \vbox (badness 10000) has occurred while \output is active []


Underfull \vbox (badness 10000) has occurred while \output is active []

 [54]
<images/chapter5/rosgraph_completo2_ch5_migliore.png, id=1132, 1317.42188pt x 432.86719pt>
File: images/chapter5/rosgraph_completo2_ch5_migliore.png Graphic file (type png)
<use images/chapter5/rosgraph_completo2_ch5_migliore.png>
Package pdftex.def Info: images/chapter5/rosgraph_completo2_ch5_migliore.png  used on input line 51.
(pdftex.def)             Requested size: 609.50787pt x 200.27058pt.
 [55 <./images/chapter5/rosgraph_completo2_ch5_migliore.png>] (_minted/38515636F4FCE6DEF56F67B928BD7A89.highlight.minted)
Underfull \vbox (badness 10000) has occurred while \output is active []


Underfull \vbox (badness 10000) has occurred while \output is active []

 [56

] (_minted/AF1FABDB6A7AE02285A0E11DB836A0C8.highlight.minted) (_minted/8510BB22C1C8E7033271E238C0341881.highlight.minted
Underfull \vbox (badness 10000) has occurred while \output is active []


Underfull \vbox (badness 10000) has occurred while \output is active []

 [57]) [58] (_minted/FF347268D0268B27720463CF65F11BDB.highlight.minted [59])
Overfull \hbox (77.60324pt too wide) in paragraph at lines 164--165
\T1/cmr/bx/n/12 TORQUE_LIMIT_MODE \T1/cmr/m/n/12 or \T1/cmr/bx/n/12 SAFE_STOP\T1/cmr/m/n/12 , but can only re-turn to \T1/cmr/bx/n/12 FAULT_MONITOR
 []


Overfull \hbox (11.37773pt too wide) in paragraph at lines 168--169
\T1/cmr/m/n/12 All state tran-si-tions pass through a sin-gle en-try point, the \T1/cmr/bx/n/12 re-quest_state_change()
 []

(_minted/2ABC136CE6AEABA6A04C4DAEEC0462B1.highlight.minted [60]) (_minted/8C434662373470CC11F6E8B589D5C191.highlight.minted) [61] (_minted/97CDE663D620293F461D92BF457A66CC.highlight.minted) [62]
Overfull \hbox (6.09566pt too wide) in paragraph at lines 258--259
[]\T1/cmr/bx/n/12 /compliant_mode_request \T1/cmr/m/n/12 (\T1/cmr/bx/n/12 std_srvs/SetBool\T1/cmr/m/n/12 ) - when called with data:
 []

(_minted/5EDF95857724FEE69A5F9962A2A9424F.highlight.minted [63]) (_minted/ECE17DFD6CEC97CE2F7A217AFAFBAD9F.highlight.minted) [64] (_minted/55A818B99F3BFAB80B24777644242A7E.highlight.minted) (_minted/24B92B8642CA90DFE0A05D8F3EED942B.highlight.minted) (_minted/0C032082A8D0F9B384817A22AAA23E9A.highlight.minted
Underfull \vbox (badness 10000) has occurred while \output is active []


Underfull \vbox (badness 10000) has occurred while \output is active []

 [65]) (_minted/B5F82824AD58AD6543011B8C9DCB47D5.highlight.minted) [66] (_minted/5C0CA3A12F67554545BA8C9B14FDC2ED.highlight.minted) (_minted/90143080506A031837063B6C08C4BE7A.highlight.minted [67]) (_minted/C318F6BDB9118AB51B33953C0D24CA94.highlight.minted [68]) (_minted/C01A5592BA735904D36D762ED8A97C37.highlight.minted) [69] [70]
<images/chapter5/rosgraph_bridge_evidenziato.png, id=1201, 889.07156pt x 346.29375pt>
File: images/chapter5/rosgraph_bridge_evidenziato.png Graphic file (type png)
<use images/chapter5/rosgraph_bridge_evidenziato.png>
Package pdftex.def Info: images/chapter5/rosgraph_bridge_evidenziato.png  used on input line 509.
(pdftex.def)             Requested size: 355.62233pt x 138.51503pt.

Overfull \hbox (17.28606pt too wide) in paragraph at lines 516--517
\T1/cmr/m/n/12 two meth-ods: \T1/cmr/bx/n/12 _safe_torque() \T1/cmr/m/n/12 for the torque chan-nel and \T1/cmr/bx/n/12 _safe_trajectory_ref()
 []

[71 <./images/chapter5/rosgraph_bridge_evidenziato.png>] (_minted/7D05F1D77E38AD73BEEDFE2FBB4E7997.highlight.minted) (_minted/F9CB617708E58FAF062CC9BD3DC24899.highlight.minted) [72] (_minted/DD03A3AAB8532CC9EAD190397A256696.highlight.minted)
Underfull \vbox (badness 10000) has occurred while \output is active []


Underfull \vbox (badness 10000) has occurred while \output is active []

 [73] (_minted/3D6B21799C14739E5CAD4BD760B24D0C.highlight.minted [74]) (_minted/3897C3D55CADAB52B3835F7F0E34D465.highlight.minted) (_minted/D110DCFDD8B79B472522E654E1C285D2.highlight.minted [75]) [76] [77] (_minted/055CD41AD1E708259F562E9250DBA508.highlight.minted)
Underfull \vbox (badness 10000) has occurred while \output is active []


Underfull \vbox (badness 10000) has occurred while \output is active []

 [78] (_minted/37A17BC3074654101D1DDAADEB098FD1.highlight.minted)
Overfull \hbox (21.07391pt too wide) in paragraph at lines 781--782
[]\T1/cmr/m/n/12 From \T1/cmr/bx/n/12 COM-PLI-ANT_MODE\T1/cmr/m/n/12 , the only down-grade tar-get is \T1/cmr/bx/n/12 FAULT_MONITOR\T1/cmr/m/n/12 .
 []

(_minted/511BF7847BF86A025FD0AE0801388FBA.highlight.minted)
Underfull \vbox (badness 10000) has occurred while \output is active []


Underfull \vbox (badness 10000) has occurred while \output is active []

 [79] (_minted/0EE4C011662CC2F48A85370FEB350541.highlight.minted) [80] (_minted/F40D53004D20AE401E129EE2ADF3BD2D.highlight.minted [81]) (_minted/0EB67C38041FE8A5E426907C2011AD1C.highlight.minted)
Underfull \vbox (badness 5022) has occurred while \output is active []


Underfull \vbox (badness 5022) has occurred while \output is active []

 [82] (_minted/18649A79116064B51A4634F545630D27.highlight.minted) [83]
<images/chapter5/fault_inj_on_torque.png, id=1263, 825.0825pt x 335.00156pt>
File: images/chapter5/fault_inj_on_torque.png Graphic file (type png)
<use images/chapter5/fault_inj_on_torque.png>
Package pdftex.def Info: images/chapter5/fault_inj_on_torque.png  used on input line 913.
(pdftex.def)             Requested size: 412.54024pt x 167.50037pt.
 [84 <./images/chapter5/fault_inj_on_torque.png>]
<images/chapter5/fault_inj_on_traj_ref.png, id=1272, 743.02594pt x 377.15906pt>
File: images/chapter5/fault_inj_on_traj_ref.png Graphic file (type png)
<use images/chapter5/fault_inj_on_traj_ref.png>
Package pdftex.def Info: images/chapter5/fault_inj_on_traj_ref.png  used on input line 941.
(pdftex.def)             Requested size: 371.51205pt x 188.57907pt.
 [85 <./images/chapter5/fault_inj_on_traj_ref.png>] [86] (_minted/BC3246A894CB1F34CC1496DC866EFDC1.highlight.minted)
Underfull \vbox (badness 10000) has occurred while \output is active []


Underfull \vbox (badness 10000) has occurred while \output is active []

 [87] [88])
Underfull \vbox (badness 10000) has occurred while \output is active []


Underfull \vbox (badness 10000) has occurred while \output is active []

 [89] [90]
\openout2 = `8.chapter_6.aux'.

 (8.chapter_6.tex
Chapter 6.

Overfull \hbox (25.84749pt too wide) in paragraph at lines 2--2
|[]\T1/cmr/bx/n/24.88 Model-Based Fault De-tec-tion: Ob-server
 []


Underfull \vbox (badness 4467) has occurred while \output is active []


Underfull \vbox (badness 4467) has occurred while \output is active []

 [91




] [92]
<images/chapter6/FDI_diagram.png, id=1315, 687.56876pt x 420.57124pt>
File: images/chapter6/FDI_diagram.png Graphic file (type png)
<use images/chapter6/FDI_diagram.png>
Package pdftex.def Info: images/chapter6/FDI_diagram.png  used on input line 24.
(pdftex.def)             Requested size: 343.78354pt x 210.28511pt.
 [93 <./images/chapter6/FDI_diagram.png (PNG copy)>] [94] [95] [96] (_minted/70CCE64438523B0229EC34440DC40F1E.highlight.minted) (_minted/A1178439C1F786F36219D246E62E3D83.highlight.minted)
Underfull \vbox (badness 10000) has occurred while \output is active []


Underfull \vbox (badness 10000) has occurred while \output is active []

 [97]
<images/chapter6/fig6_3_luenberger_encoder.png, id=1352, 715.473pt x 425.9112pt>
File: images/chapter6/fig6_3_luenberger_encoder.png Graphic file (type png)
<use images/chapter6/fig6_3_luenberger_encoder.png>
Package pdftex.def Info: images/chapter6/fig6_3_luenberger_encoder.png  used on input line 147.
(pdftex.def)             Requested size: 429.28712pt x 255.54868pt.

Overfull \hbox (6.7848pt too wide) in paragraph at lines 147--148
 [][] 
 []

[98 <./images/chapter6/fig6_3_luenberger_encoder.png>] (_minted/F1832F72A4C5D00059CA45AA40CDE252.highlight.minted) (_minted/CA64855AA21E1BEE7B34C34A95A007B8.highlight.minted [99])
<images/chapter6/fig6_4_momentum_vs_luenberger.png, id=1366, 713.7867pt x 353.6412pt>
File: images/chapter6/fig6_4_momentum_vs_luenberger.png Graphic file (type png)
<use images/chapter6/fig6_4_momentum_vs_luenberger.png>
Package pdftex.def Info: images/chapter6/fig6_4_momentum_vs_luenberger.png  used on input line 219.
(pdftex.def)             Requested size: 428.27533pt x 212.18634pt.

Overfull \hbox (5.77301pt too wide) in paragraph at lines 219--220
 [][] 
 []

[100] (_minted/8AC598EFBCC817CA142FCE492D6CE814.highlight.minted)
Underfull \vbox (badness 10000) has occurred while \output is active []


Underfull \vbox (badness 10000) has occurred while \output is active []

 [101 <./images/chapter6/fig6_4_momentum_vs_luenberger.png>]
<images/chapter6/fig6_5_multipanel_residuals.png, id=1377, 711.6186pt x 643.203pt>
File: images/chapter6/fig6_5_multipanel_residuals.png Graphic file (type png)
<use images/chapter6/fig6_5_multipanel_residuals.png>
Package pdftex.def Info: images/chapter6/fig6_5_multipanel_residuals.png  used on input line 245.
(pdftex.def)             Requested size: 426.97446pt x 385.92477pt.

Overfull \hbox (4.47214pt too wide) in paragraph at lines 245--246
 [][] 
 []


Underfull \vbox (badness 1655) has occurred while \output is active []


Underfull \vbox (badness 1655) has occurred while \output is active []

 [102 <./images/chapter6/fig6_5_multipanel_residuals.png>] [103]
Underfull \vbox (badness 10000) has occurred while \output is active []


Underfull \vbox (badness 10000) has occurred while \output is active []

 [104] [105] [106]
Overfull \hbox (1.9813pt too wide) in paragraph at lines 338--339
\T1/cmr/m/n/12 Fault-Mon-i-tor-Mode plu-gin: asyn-chronous ser-vice calls to /\T1/cmr/bx/n/12 compliant_mode_req\T1/cmr/m/n/12 ,
 []

[107] [108]) [109]
\openout2 = `9.chapter_7.aux'.

 (9.chapter_7.tex
Chapter 7.
<images/chapter7/multifilare.png, id=1417, 825.83531pt x 526.96875pt>
File: images/chapter7/multifilare.png Graphic file (type png)
<use images/chapter7/multifilare.png>
Package pdftex.def Info: images/chapter7/multifilare.png  used on input line 10.
(pdftex.def)             Requested size: 412.91664pt x 263.48372pt.
[110




]

LaTeX Warning: `h' float specifier changed to `ht'.

[111 <./images/chapter7/multifilare.png>]
Underfull \vbox (badness 10000) has occurred while \output is active []


Underfull \vbox (badness 10000) has occurred while \output is active []

 [112] (_minted/7E9670B0296A7F7A185E89AD84ABA2D1.highlight.minted [113])
<images/chapter7/loadcell_connection.png, id=1438, 598.48593pt x 229.60782pt>
File: images/chapter7/loadcell_connection.png Graphic file (type png)
<use images/chapter7/loadcell_connection.png>
Package pdftex.def Info: images/chapter7/loadcell_connection.png  used on input line 84.
(pdftex.def)             Requested size: 359.09433pt x 137.76575pt.
 [114 <./images/chapter7/loadcell_connection.png>]
<images/chapter7/encoder_connection.png, id=1445, 599.99156pt x 230.36063pt>
File: images/chapter7/encoder_connection.png Graphic file (type png)
<use images/chapter7/encoder_connection.png>
Package pdftex.def Info: images/chapter7/encoder_connection.png  used on input line 95.
(pdftex.def)             Requested size: 359.99771pt x 138.21742pt.
 [115 <./images/chapter7/encoder_connection.png>] [116] [117]) [118]
\openout2 = `conclusion.aux'.

 (conclusion.tex
Chapter 8.

Underfull \vbox (badness 10000) has occurred while \output is active []


Underfull \vbox (badness 10000) has occurred while \output is active []

 [119




]
Underfull \vbox (badness 10000) has occurred while \output is active []


Underfull \vbox (badness 10000) has occurred while \output is active []

 [120]
Underfull \vbox (badness 1571) has occurred while \output is active []


Underfull \vbox (badness 1571) has occurred while \output is active []

 [121]) [122]
\openout2 = `tables.aux'.

 (tables.tex
Appendix A.

Overfull \hbox (5.5613pt too wide) in paragraph at lines 10--15
\T1/cmr/m/n/12 sub-sys-tem and cor-re-spond to the YAML con-fig-u-ra-tion files (\T1/cmtt/m/n/12 dynamics_params.yaml\T1/cmr/m/n/12 ,
 []


Overfull \hbox (1.94405pt too wide) in paragraph at lines 10--15
\T1/cmtt/m/n/12 exo_bridge_params.yaml\T1/cmr/m/n/12 , \T1/cmtt/m/n/12 safety_params.yaml\T1/cmr/m/n/12 , and \T1/cmtt/m/n/12 observer_params.yaml\T1/cmr/m/n/12 ) lo-
 []


Underfull \hbox (badness 10000) in paragraph at lines 10--15

 []


ignored: Infinite glue shrinkage found in box being split [123




]
ignored: Infinite glue shrinkage found in box being split [124] [125] [126]
Underfull \vbox (badness 3068) has occurred while \output is active []


Underfull \vbox (badness 3068) has occurred while \output is active []

 [127]
Underfull \vbox (badness 10000) has occurred while \output is active []


Underfull \vbox (badness 10000) has occurred while \output is active []

 [128]) [129] (main.bbl) [130



] (main.aux (2.introduction.aux) (3.chapter_1.aux) (4.chapter_2.aux) (5.chapter_3.aux) (6.chapter_4.aux) (7.chapter_5.aux) (8.chapter_6.aux) (9.chapter_7.aux) (conclusion.aux) (tables.aux))
 ***********
LaTeX2e <2025-11-01>
L3 programming layer <2026-01-19>
 ***********
Package rerunfilecheck Info: File `main.out' has not changed.
(rerunfilecheck)             Checksum: 542F341B9A3A90CE68085A1A6B859F9D;26956.
 ) 
Here is how much of TeX's memory you used:
 43349 strings out of 467867
 1014791 string characters out of 5416882
 1618980 words of memory out of 5000000
 70885 multiletter control sequences out of 15000+600000
 658055 words of font info for 116 fonts, out of 8000000 for 9000
 1141 hyphenation exceptions out of 8191
 138i,16n,135p,1232b,1240s stack positions out of 10000i,1000n,20000p,200000b,200000s
 <C:\Users\Marcello\AppData\Local\MiKTeX\fonts/pk/ljfour/jknappen/ec/dpi600\ecit1095.pk> <C:\Users\Marcello\AppData\Local\MiKTeX\fonts/pk/ljfour/jknappen/ec/dpi600\ecti1095.pk> <C:\Users\Marcello\AppData\Local\MiKTeX\fonts/pk/ljfour/jknappen/ec/dpi600\ectt1200.pk> <C:\Users\Marcello\AppData\Local\MiKTeX\fonts/pk/ljfour/jknappen/ec/dpi600\ecrm0700.pk> <C:\Users\Marcello\AppData\Local\MiKTeX\fonts/pk/ljfour/jknappen/ec/dpi600\ecbx1095.pk> <C:\Users\Marcello\AppData\Local\MiKTeX\fonts/pk/ljfour/jknappen/ec/dpi600\ectt1095.pk> <C:\Users\Marcello\AppData\Local\MiKTeX\fonts/pk/ljfour/jknappen/ec/dpi600\ecbx0800.pk> <C:\Users\Marcello\AppData\Local\MiKTeX\fonts/pk/ljfour/jknappen/ec/dpi600\ecit1000.pk> <C:\Users\Marcello\AppData\Local\MiKTeX\fonts/pk/ljfour/jknappen/ec/dpi600\tctt1000.pk> <C:\Users\Marcello\AppData\Local\MiKTeX\fonts/pk/ljfour/jknappen/ec/dpi600\ectt1000.pk> <C:\Users\Marcello\AppData\Local\MiKTeX\fonts/pk/ljfour/jknappen/ec/dpi600\tcrm1200.pk> <C:\Users\Marcello\AppData\Local\MiKTeX\fonts/pk/ljfour/jknappen/ec/dpi600\ecrm1000.pk> <C:\Users\Marcello\AppData\Local\MiKTeX\fonts/pk/ljfour/jknappen/ec/dpi600\ecrm0800.pk> <C:\Users\Marcello\AppData\Local\MiKTeX\fonts/pk/ljfour/jknappen/ec/dpi600\ecrm1095.pk> <C:\Users\Marcello\AppData\Local\MiKTeX\fonts/pk/ljfour/jknappen/ec/dpi600\ecsl1000.pk> <C:\Users\Marcello\AppData\Local\MiKTeX\fonts/pk/ljfour/jknappen/ec/dpi600\ecti1200.pk> <C:\Users\Marcello\AppData\Local\MiKTeX\fonts/pk/ljfour/jknappen/ec/dpi600\eccc1200.pk> <C:\Users\Marcello\AppData\Local\MiKTeX\fonts/pk/ljfour/jknappen/ec/dpi600\ecbx2488.pk> <C:\Users\Marcello\AppData\Local\MiKTeX\fonts/pk/ljfour/jknappen/ec/dpi600\ecbx1440.pk> <C:\Users\Marcello\AppData\Local\MiKTeX\fonts/pk/ljfour/jknappen/ec/dpi600\ecrm1440.pk> <C:\Users\Marcello\AppData\Local\MiKTeX\fonts/pk/ljfour/jknappen/ec/dpi600\ecbx1200.pk> <C:\Users\Marcello\AppData\Local\MiKTeX\fonts/pk/ljfour/jknappen/ec/dpi600\ecrm1200.pk> <C:\Users\Marcello\AppData\Local\MiKTeX\fonts/pk/ljfour/jknappen/ec/dpi600\ecbx1728.pk><C:/Users/Marcello/AppData/Local/Programs/MiKTeX/fonts/type1/public/amsfonts/cm/cmbx12.pfb><C:/Users/Marcello/AppData/Local/Programs/MiKTeX/fonts/type1/public/amsfonts/cm/cmex10.pfb><C:/Users/Marcello/AppData/Local/Programs/MiKTeX/fonts/type1/public/amsfonts/cm/cmmi10.pfb><C:/Users/Marcello/AppData/Local/Programs/MiKTeX/fonts/type1/public/amsfonts/cm/cmmi12.pfb><C:/Users/Marcello/AppData/Local/Programs/MiKTeX/fonts/type1/public/amsfonts/cm/cmmi6.pfb><C:/Users/Marcello/AppData/Local/Programs/MiKTeX/fonts/type1/public/amsfonts/cm/cmmi8.pfb><C:/Users/Marcello/AppData/Local/Programs/MiKTeX/fonts/type1/public/amsfonts/cm/cmr10.pfb><C:/Users/Marcello/AppData/Local/Programs/MiKTeX/fonts/type1/public/amsfonts/cm/cmr12.pfb><C:/Users/Marcello/AppData/Local/Programs/MiKTeX/fonts/type1/public/amsfonts/cm/cmr6.pfb><C:/Users/Marcello/AppData/Local/Programs/MiKTeX/fonts/type1/public/amsfonts/cm/cmr8.pfb><C:/Users/Marcello/AppData/Local/Programs/MiKTeX/fonts/type1/public/amsfonts/cm/cmsy10.pfb><C:/Users/Marcello/AppData/Local/Programs/MiKTeX/fonts/type1/public/amsfonts/cm/cmsy6.pfb><C:/Users/Marcello/AppData/Local/Programs/MiKTeX/fonts/type1/public/amsfonts/cm/cmsy8.pfb><C:/Users/Marcello/AppData/Local/Programs/MiKTeX/fonts/type1/public/amsfonts/cm/cmtt12.pfb><C:/Users/Marcello/AppData/Local/Programs/MiKTeX/fonts/type1/public/amsfonts/symbols/msbm10.pfb>
Output written on main.pdf (140 pages, 3073922 bytes).
PDF statistics:
 2646 PDF objects out of 2984 (max. 8388607)
 418 named destinations out of 1000 (max. 500000)
 1253 words of extra memory for PDF output out of 10000 (max. 10000000)

